[{"stream_name":"stderr","time":9.604972994,"data":"0.00s - Debugger warning: It seems that frozen modules are being used, which may\n"}
,{"stream_name":"stderr","time":9.6050488,"data":"0.00s - make the debugger miss breakpoints. Please pass -Xfrozen_modules=off\n"}
,{"stream_name":"stderr","time":9.605056353,"data":"0.00s - to python to disable frozen modules.\n"}
,{"stream_name":"stderr","time":9.60506135,"data":"0.00s - Note: Debugging will proceed. Set PYDEVD_DISABLE_FILE_VALIDATION=1 to disable this validation.\n"}
,{"stream_name":"stderr","time":10.466010505,"data":"0.00s - Debugger warning: It seems that frozen modules are being used, which may\n"}
,{"stream_name":"stderr","time":10.466064494,"data":"0.00s - make the debugger miss breakpoints. Please pass -Xfrozen_modules=off\n"}
,{"stream_name":"stderr","time":10.466072059,"data":"0.00s - to python to disable frozen modules.\n"}
,{"stream_name":"stderr","time":10.466078214,"data":"0.00s - Note: Debugging will proceed. Set PYDEVD_DISABLE_FILE_VALIDATION=1 to disable this validation.\n"}
,{"stream_name":"stdout","time":20.866576952,"data":"ONNX Runtime: 1.24.4\n"}
,{"stream_name":"stdout","time":20.885101497,"data":"External Perch cache disabled for v107 license-reduced run\n"}
,{"stream_name":"stdout","time":20.94271936,"data":"Classes: 234\n"}
,{"stream_name":"stdout","time":27.205796817,"data":"Using ONNX Perch: /kaggle/input/datasets/rishikeshjani/perch-onnx-for-birdclef-2026/perch_v2.onnx\n"}
,{"stream_name":"stdout","time":27.205851233,"data":"Mapped: 203/234\n"}
,{"stream_name":"stdout","time":27.248734357,"data":"Frog proxies: 0\n"}
,{"stream_name":"stdout","time":27.267243131,"data":"V107: Perch train cache will be rebuilt in-notebook after inference helpers are defined\n"}
,{"stream_name":"stdout","time":27.553437735,"data":"Full files: 59, Windows: 708, Active: 71\n"}
,{"stream_name":"stdout","time":27.691405923,"data":"V107 rebuilding Perch train features for 59 files\n"}
,{"stream_name":"stdout","time":69.028881056,"data":"Perch output names: ['embedding', 'spatial_embedding', 'spectrogram', 'label']\n"}
,{"stream_name":"stdout","time":69.028951548,"data":"Detected embedding output index: 0\n"}
,{"stream_name":"stdout","time":69.028960051,"data":"Detected spatial_embedding output index: None\n"}
,{"stream_name":"stdout","time":171.77962295,"data":"V107 rebuilt train features: meta=(708, 2), scores=(708, 234), emb=(708, 1536)\n"}
,{"stream_name":"stdout","time":171.813308414,"data":"OOF logits shape: (708, 234)\n"}
,{"stream_name":"stdout","time":171.981974635,"data":"Raw Perch OOF AUC: 0.6812\n"}
,{"stream_name":"stdout","time":172.007078114,"data":"Per-class AUC: mean=0.6812, min=0.0862, max=1.0000\n"}
,{"stream_name":"stdout","time":172.007117081,"data":"Classes with AUC \u003c 0.5: 19\n"}
,{"stream_name":"stdout","time":172.566061098,"data":"Fitted 71 calibrators\n"}
,{"stream_name":"stdout","time":172.566102607,"data":"Calibrated OOF AUC: 0.8020 (delta: +0.1208)\n"}
,{"stream_name":"stdout","time":172.576059632,"data":"Calibrated per-class AUC: mean=0.8020, min=0.2949, max=1.0000\n"}
,{"stream_name":"stdout","time":172.640368777,"data":"Thresholds: mean=0.429, min=0.050, max=0.550\n"}
,{"stream_name":"stdout","time":172.776622875,"data":"No test files - using train soundscapes for dry run\n"}
,{"stream_name":"stdout","time":172.991239737,"data":"Processing 10 files\n"}
,{"stream_name":"stdout","time":196.332251529,"data":"Perch output names: ['embedding', 'spatial_embedding', 'spectrogram', 'label']\n"}
,{"stream_name":"stdout","time":196.332298446,"data":"Detected embedding output index: 0\n"}
,{"stream_name":"stdout","time":196.332305387,"data":"Detected spatial_embedding output index: 1\n"}
,{"stream_name":"stdout","time":196.332331283,"data":"Spatial feature dim: 4608\n"}
,{"stream_name":"stdout","time":196.332336587,"data":"Test embeddings: (120, 1536)\n"}
,{"stream_name":"stdout","time":196.332341051,"data":"Test spatial features: (120, 4608)\n"}
,{"stream_name":"stdout","time":196.356257718,"data":"V107 Perch-only surrogate view: shape=(120, 234), range=[0.000463, 0.999997]\n"}
,{"stream_name":"stdout","time":196.562841618,"data":"Perch classwise soft suppression: 0.433, factor=[0.369,0.720]\n"}
,{"stream_name":"stdout","time":196.562881631,"data":"Embedding probe aligned train rows: (708, 1536) unique cache rows 708\n"}
,{"stream_name":"stdout","time":196.75186106,"data":"Embedding probe active: train=(708, 1536), test=(120, 1536), rank std=0.1590067446231842\n"}
,{"stream_name":"stdout","time":198.102272811,"data":"MLP embedding probe active: train=(708, 96), test=(120, 96), n_iter=29, rank std=0.2886650860309601\n"}
,{"stream_name":"stdout","time":235.453424095,"data":"Perch output names: ['embedding', 'spatial_embedding', 'spectrogram', 'label']\n"}
,{"stream_name":"stdout","time":235.453503944,"data":"Detected embedding output index: 0\n"}
,{"stream_name":"stdout","time":235.453512971,"data":"Detected spatial_embedding output index: 1\n"}
,{"stream_name":"stdout","time":235.453519484,"data":"Spatial feature dim: 4608\n"}
,{"stream_name":"stdout","time":335.755838994,"data":"Spatial probe aligned train rows: (708, 4608) unique spatial rows 708\n"}
,{"stream_name":"stdout","time":335.755908495,"data":"Spatial probe active: train=(708, 4608), test=(120, 4608), rank std=0.15956220030784607\n"}
,{"stream_name":"stdout","time":335.755916061,"data":"Dual probe active: embedding=0.64 spatial=0.26 mlp=0.10 combined std=0.14225563406944275\n"}
,{"stream_name":"stdout","time":335.803235707,"data":"V107 rank-ceiling Perch-only guarded macro-risk rescue counts: {'protect_anchor': 35, 'rare_floor': 176, 'macro_weak': 12, 'macro_mild': 4, 'texture_prior_rescue': 0, 'active_rescue': 16, 'positive_rescue_cells': 2749, 'top_hit_guard_cells': 330, 'ctx_cells': 2}\n"}
,{"stream_name":"stdout","time":335.803279368,"data":"V107 class rescue mix range/mean: [0.000, 0.340] / 0.0190\n"}
,{"stream_name":"stdout","time":335.80328695,"data":"V107 effective rescue mix range/mean: [0.000, 0.340] / 0.0095\n"}
,{"stream_name":"stdout","time":335.803293113,"data":"V107 components: macro mean/std=0.506653/0.230775; v84_like mean/std=0.506686/0.232786; rescue_view mean/std=0.506874/0.242758; dualprobe mean/std=0.506997/0.253222\n"}
,{"stream_name":"stdout","time":335.803299575,"data":"OOF refs: Perch raw=0.681, Perch cal=0.802, SED=0.591, delta=-0.209\n"}
,{"stream_name":"stdout","time":335.803305405,"data":"SED weights sedfirst=0.578, adaptive=0.489, safety=0.480\n"}
,{"stream_name":"stdout","time":335.80331131,"data":"View mix: v107 = Perch-only guarded rescue plus near-pure rank-ceiling restoration without unknown-license cache/SED dependencies\n"}
,{"stream_name":"stdout","time":335.803317376,"data":"Prior strength mean=1.000, applied mean=0.0103, file scale mean=0.999\n"}
,{"stream_name":"stdout","time":335.80332283,"data":"Spike-smoothed score range: [0.011144, 0.999292]\n"}
,{"stream_name":"stdout","time":335.803328296,"data":"Score mean/std: 0.507024/0.232823\n"}
,{"stream_name":"stdout","time":335.803334053,"data":"V107 rank-ceiling restore cells: restore=33, top_guard=374\n"}
,{"stream_name":"stdout","time":335.803338053,"data":"V107 post-restore score range: [0.011144, 0.999702]\n"}
,{"stream_name":"stdout","time":335.803341896,"data":"V107 post-restore score mean/std: 0.521658/0.244231\n"}
,{"stream_name":"stdout","time":335.922534155,"data":"Saved: (120, 235)\n"}
,{"stream_name":"stdout","time":335.922595579,"data":"                                     row_id   1161364    116570   1176823  \\\n"}
,{"stream_name":"stdout","time":335.922602632,"data":"0   BC2026_Train_0001_S08_20250606_030007_5  0.695412  0.628637  0.608992   \n"}
,{"stream_name":"stdout","time":335.922606773,"data":"1  BC2026_Train_0001_S08_20250606_030007_10  0.763076  0.819039  0.309009   \n"}
,{"stream_name":"stdout","time":335.922609971,"data":"2  BC2026_Train_0001_S08_20250606_030007_15  0.760851  0.708985  0.460606   \n"}
,{"stream_name":"stdout","time":335.922613245,"data":"\n"}
,{"stream_name":"stdout","time":335.922617277,"data":"    1491113   1595929    209233     22930     22956     22961  ...   whnjay1  \\\n"}
,{"stream_name":"stdout","time":335.922622264,"data":"0  0.553123  0.363710  0.494095  0.167047  0.764954  0.820139  ...  0.073880   \n"}
,{"stream_name":"stdout","time":335.922626065,"data":"1  0.522239  0.345560  0.531877  0.047741  0.802855  0.587558  ...  0.226398   \n"}
,{"stream_name":"stdout","time":335.922629097,"data":"2  0.840334  0.332773  0.479846  0.060343  0.691470  0.677530  ...  0.323614   \n"}
,{"stream_name":"stdout","time":335.922632235,"data":"\n"}
,{"stream_name":"stdout","time":335.922635129,"data":"     whtdov   whwpic1    y00678    yebcar   yebela1    yecmac    yecpar  \\\n"}
,{"stream_name":"stdout","time":335.922638187,"data":"0  0.429690  0.604003  0.202415  0.568192  0.741776  0.600642  0.259524   \n"}
,{"stream_name":"stdout","time":335.922641488,"data":"1  0.387806  0.884046  0.320471  0.165402  0.501788  0.652284  0.214024   \n"}
,{"stream_name":"stdout","time":335.922645907,"data":"2  0.352083  0.810615  0.305071  0.208769  0.643510  0.674974  0.283948   \n"}
,{"stream_name":"stdout","time":335.922650314,"data":"\n"}
,{"stream_name":"stdout","time":335.922654527,"data":"    yehcar1   yeofly1  \n"}
,{"stream_name":"stdout","time":335.92265894,"data":"0  0.324525  0.710095  \n"}
,{"stream_name":"stdout","time":335.922663232,"data":"1  0.509926  0.589911  \n"}
,{"stream_name":"stdout","time":335.922668098,"data":"2  0.486461  0.278476  \n"}
,{"stream_name":"stdout","time":335.922672419,"data":"\n"}
,{"stream_name":"stdout","time":335.92267654,"data":"[3 rows x 235 columns]\n"}
,{"stream_name":"stderr","time":337.561619867,"data":"Traceback (most recent call last):\n"}
,{"stream_name":"stderr","time":337.561665784,"data":"  File \"\u003cstring\u003e\", line 1, in \u003cmodule\u003e\n"}
,{"stream_name":"stderr","time":337.561673824,"data":"  File \"/usr/local/lib/python3.12/dist-packages/papermill/execute.py\", line 131, in execute_notebook\n"}
,{"stream_name":"stderr","time":337.56181225,"data":"    raise_for_execution_errors(nb, output_path)\n"}
,{"stream_name":"stderr","time":337.561830535,"data":"  File \"/usr/local/lib/python3.12/dist-packages/papermill/execute.py\", line 251, in raise_for_execution_errors\n"}
,{"stream_name":"stderr","time":337.562226778,"data":"    raise error\n"}
,{"stream_name":"stderr","time":337.562251465,"data":"papermill.exceptions.PapermillExecutionError: \n"}
,{"stream_name":"stderr","time":337.562257011,"data":"---------------------------------------------------------------------------\n"}
,{"stream_name":"stderr","time":337.562262313,"data":"Exception encountered at \"In [19]\":\n"}
,{"stream_name":"stderr","time":337.562267175,"data":"---------------------------------------------------------------------------\n"}
,{"stream_name":"stderr","time":337.562271853,"data":"RuntimeError                              Traceback (most recent call last)\n"}
,{"stream_name":"stderr","time":337.56227654,"data":"/tmp/ipykernel_16/40966516.py in \u003ccell line: 0\u003e()\n"}
,{"stream_name":"stderr","time":337.562296022,"data":"     21     raise RuntimeError(\"v380 refuses to run: v107 anchor submission columns do not match sample\")\n"}
,{"stream_name":"stderr","time":337.562301365,"data":"     22 if _v380_anchor[\"row_id\"].tolist() != _v380_sample[\"row_id\"].tolist():\n"}
,{"stream_name":"stderr","time":337.562306423,"data":"---\u003e 23     raise RuntimeError(\"v380 refuses to run: v107 anchor row order does not match sample\")\n"}
,{"stream_name":"stderr","time":337.562311525,"data":"     24 \n"}
,{"stream_name":"stderr","time":337.562316031,"data":"     25 def _v380_row_features(row_ids):\n"}
,{"stream_name":"stderr","time":337.562320639,"data":"\n"}
,{"stream_name":"stderr","time":337.562325065,"data":"RuntimeError: v380 refuses to run: v107 anchor row order does not match sample\n"}
,{"stream_name":"stderr","time":337.562329728,"data":"\n"}
,{"stream_name":"stderr","time":340.442468885,"data":"/usr/local/lib/python3.12/dist-packages/mistune.py:435: SyntaxWarning: invalid escape sequence '\\|'\n"}
,{"stream_name":"stderr","time":340.442507485,"data":"  cells[i][c] = re.sub('\\\\\\\\\\|', '|', cell)\n"}
,{"stream_name":"stderr","time":340.659104157,"data":"/usr/local/lib/python3.12/dist-packages/nbconvert/filters/filter_links.py:36: SyntaxWarning: invalid escape sequence '\\_'\n"}
,{"stream_name":"stderr","time":340.659137604,"data":"  text = re.sub(r'_', '\\_', text) # Escape underscores in display text\n"}
,{"stream_name":"stderr","time":341.535115023,"data":"[NbConvertApp] Converting notebook __notebook__.ipynb to notebook\n"}
,{"stream_name":"stderr","time":341.981888072,"data":"[NbConvertApp] Writing 136525 bytes to __notebook__.ipynb\n"}
,{"stream_name":"stderr","time":345.242988274,"data":"[NbConvertApp] Converting notebook __notebook__.ipynb to html\n"}
,{"stream_name":"stderr","time":346.665629993,"data":"[NbConvertApp] Writing 633650 bytes to __results__.html\n"}
]