[{"stream_name":"stderr","time":8.084309438,"data":"0.00s - Debugger warning: It seems that frozen modules are being used, which may\n"}
,{"stream_name":"stderr","time":8.084368486,"data":"0.00s - make the debugger miss breakpoints. Please pass -Xfrozen_modules=off\n"}
,{"stream_name":"stderr","time":8.084376032,"data":"0.00s - to python to disable frozen modules.\n"}
,{"stream_name":"stderr","time":8.084380949,"data":"0.00s - Note: Debugging will proceed. Set PYDEVD_DISABLE_FILE_VALIDATION=1 to disable this validation.\n"}
,{"stream_name":"stderr","time":8.883235219,"data":"0.00s - Debugger warning: It seems that frozen modules are being used, which may\n"}
,{"stream_name":"stderr","time":8.883271152,"data":"0.00s - make the debugger miss breakpoints. Please pass -Xfrozen_modules=off\n"}
,{"stream_name":"stderr","time":8.88327754,"data":"0.00s - to python to disable frozen modules.\n"}
,{"stream_name":"stderr","time":8.883282337,"data":"0.00s - Note: Debugging will proceed. Set PYDEVD_DISABLE_FILE_VALIDATION=1 to disable this validation.\n"}
,{"stream_name":"stdout","time":18.155154651,"data":"ONNX Runtime: 1.24.4\n"}
,{"stream_name":"stdout","time":18.173807507,"data":"External Perch cache disabled for v107 license-reduced run\n"}
,{"stream_name":"stdout","time":18.225434333,"data":"Classes: 234\n"}
,{"stream_name":"stdout","time":23.481632339,"data":"Using ONNX Perch: /kaggle/input/datasets/rishikeshjani/perch-onnx-for-birdclef-2026/perch_v2.onnx\n"}
,{"stream_name":"stdout","time":23.481702817,"data":"Mapped: 203/234\n"}
,{"stream_name":"stdout","time":23.523735131,"data":"Frog proxies: 0\n"}
,{"stream_name":"stdout","time":23.544746428,"data":"V107: Perch train cache will be rebuilt in-notebook after inference helpers are defined\n"}
,{"stream_name":"stdout","time":23.833616225,"data":"Full files: 59, Windows: 708, Active: 71\n"}
,{"stream_name":"stdout","time":23.992430346,"data":"V107 rebuilding Perch train features for 59 files\n"}
,{"stream_name":"stdout","time":65.627808422,"data":"Perch output names: ['embedding', 'spatial_embedding', 'spectrogram', 'label']\n"}
,{"stream_name":"stdout","time":65.627866518,"data":"Detected embedding output index: 0\n"}
,{"stream_name":"stdout","time":65.627873701,"data":"Detected spatial_embedding output index: None\n"}
,{"stream_name":"stdout","time":169.486597967,"data":"V107 rebuilt train features: meta=(708, 2), scores=(708, 234), emb=(708, 1536)\n"}
,{"stream_name":"stdout","time":169.519562621,"data":"OOF logits shape: (708, 234)\n"}
,{"stream_name":"stdout","time":169.687196795,"data":"Raw Perch OOF AUC: 0.6812\n"}
,{"stream_name":"stdout","time":169.712516756,"data":"Per-class AUC: mean=0.6812, min=0.0862, max=1.0000\n"}
,{"stream_name":"stdout","time":169.712556151,"data":"Classes with AUC \u003c 0.5: 19\n"}
,{"stream_name":"stdout","time":170.266885454,"data":"Fitted 71 calibrators\n"}
,{"stream_name":"stdout","time":170.266922334,"data":"Calibrated OOF AUC: 0.8020 (delta: +0.1208)\n"}
,{"stream_name":"stdout","time":170.28122412,"data":"Calibrated per-class AUC: mean=0.8020, min=0.2949, max=1.0000\n"}
,{"stream_name":"stdout","time":170.345701124,"data":"Thresholds: mean=0.429, min=0.050, max=0.550\n"}
,{"stream_name":"stdout","time":170.482115572,"data":"No test files - using train soundscapes for dry run\n"}
,{"stream_name":"stdout","time":170.865851146,"data":"Processing 10 files\n"}
,{"stream_name":"stdout","time":194.529978044,"data":"Perch output names: ['embedding', 'spatial_embedding', 'spectrogram', 'label']\n"}
,{"stream_name":"stdout","time":194.53002394,"data":"Detected embedding output index: 0\n"}
,{"stream_name":"stdout","time":194.530031196,"data":"Detected spatial_embedding output index: 1\n"}
,{"stream_name":"stdout","time":194.530056826,"data":"Spatial feature dim: 4608\n"}
,{"stream_name":"stdout","time":194.530062049,"data":"Test embeddings: (120, 1536)\n"}
,{"stream_name":"stdout","time":194.530065787,"data":"Test spatial features: (120, 4608)\n"}
,{"stream_name":"stdout","time":194.551420363,"data":"V107 Perch-only surrogate view: shape=(120, 234), range=[0.000463, 0.999997]\n"}
,{"stream_name":"stdout","time":194.762726749,"data":"Perch classwise soft suppression: 0.433, factor=[0.369,0.720]\n"}
,{"stream_name":"stdout","time":194.762779164,"data":"Embedding probe aligned train rows: (708, 1536) unique cache rows 708\n"}
,{"stream_name":"stdout","time":194.762785141,"data":"Embedding probe active: train=(708, 1536), test=(120, 1536), rank std=0.1590067446231842\n"}
,{"stream_name":"stdout","time":196.294339682,"data":"MLP embedding probe active: train=(708, 96), test=(120, 96), n_iter=29, rank std=0.2886650860309601\n"}
,{"stream_name":"stdout","time":233.769470213,"data":"Perch output names: ['embedding', 'spatial_embedding', 'spectrogram', 'label']\n"}
,{"stream_name":"stdout","time":233.769519701,"data":"Detected embedding output index: 0\n"}
,{"stream_name":"stdout","time":233.769527419,"data":"Detected spatial_embedding output index: 1\n"}
,{"stream_name":"stdout","time":233.769533394,"data":"Spatial feature dim: 4608\n"}
,{"stream_name":"stdout","time":335.086351039,"data":"Spatial probe aligned train rows: (708, 4608) unique spatial rows 708\n"}
,{"stream_name":"stdout","time":335.086399766,"data":"Spatial probe active: train=(708, 4608), test=(120, 4608), rank std=0.15956220030784607\n"}
,{"stream_name":"stdout","time":335.08640656,"data":"Dual probe active: embedding=0.64 spatial=0.26 mlp=0.10 combined std=0.14225563406944275\n"}
,{"stream_name":"stdout","time":335.139874935,"data":"V107 rank-ceiling Perch-only guarded macro-risk rescue counts: {'protect_anchor': 35, 'rare_floor': 176, 'macro_weak': 12, 'macro_mild': 4, 'texture_prior_rescue': 0, 'active_rescue': 16, 'positive_rescue_cells': 2749, 'top_hit_guard_cells': 330, 'ctx_cells': 2}\n"}
,{"stream_name":"stdout","time":335.139919383,"data":"V107 class rescue mix range/mean: [0.000, 0.340] / 0.0190\n"}
,{"stream_name":"stdout","time":335.139926517,"data":"V107 effective rescue mix range/mean: [0.000, 0.340] / 0.0095\n"}
,{"stream_name":"stdout","time":335.13993259,"data":"V107 components: macro mean/std=0.506653/0.230775; v84_like mean/std=0.506686/0.232786; rescue_view mean/std=0.506874/0.242758; dualprobe mean/std=0.506997/0.253222\n"}
,{"stream_name":"stdout","time":335.139938643,"data":"OOF refs: Perch raw=0.681, Perch cal=0.802, SED=0.591, delta=-0.209\n"}
,{"stream_name":"stdout","time":335.139944882,"data":"SED weights sedfirst=0.578, adaptive=0.489, safety=0.480\n"}
,{"stream_name":"stdout","time":335.139950585,"data":"View mix: v107 = Perch-only guarded rescue plus near-pure rank-ceiling restoration without unknown-license cache/SED dependencies\n"}
,{"stream_name":"stdout","time":335.139957003,"data":"Prior strength mean=1.000, applied mean=0.0103, file scale mean=0.999\n"}
,{"stream_name":"stdout","time":335.139962449,"data":"Spike-smoothed score range: [0.011144, 0.999292]\n"}
,{"stream_name":"stdout","time":335.139968434,"data":"Score mean/std: 0.507024/0.232823\n"}
,{"stream_name":"stdout","time":335.139974052,"data":"V107 rank-ceiling restore cells: restore=33, top_guard=374\n"}
,{"stream_name":"stdout","time":335.13997978,"data":"V107 post-restore score range: [0.011144, 0.999702]\n"}
,{"stream_name":"stdout","time":335.139985254,"data":"V107 post-restore score mean/std: 0.521658/0.244231\n"}
,{"stream_name":"stdout","time":335.261193782,"data":"Saved: (120, 235)\n"}
,{"stream_name":"stdout","time":335.261259986,"data":"                                     row_id   1161364    116570   1176823  \\\n"}
,{"stream_name":"stdout","time":335.261267519,"data":"0   BC2026_Train_0001_S08_20250606_030007_5  0.695412  0.628637  0.608992   \n"}
,{"stream_name":"stdout","time":335.261272485,"data":"1  BC2026_Train_0001_S08_20250606_030007_10  0.763076  0.819039  0.309009   \n"}
,{"stream_name":"stdout","time":335.261277276,"data":"2  BC2026_Train_0001_S08_20250606_030007_15  0.760851  0.708985  0.460606   \n"}
,{"stream_name":"stdout","time":335.261282106,"data":"\n"}
,{"stream_name":"stdout","time":335.261286447,"data":"    1491113   1595929    209233     22930     22956     22961  ...   whnjay1  \\\n"}
,{"stream_name":"stdout","time":335.261291252,"data":"0  0.553123  0.363710  0.494095  0.167047  0.764954  0.820139  ...  0.073880   \n"}
,{"stream_name":"stdout","time":335.261295728,"data":"1  0.522239  0.345560  0.531877  0.047741  0.802855  0.587558  ...  0.226398   \n"}
,{"stream_name":"stdout","time":335.261300343,"data":"2  0.840334  0.332773  0.479846  0.060343  0.691470  0.677530  ...  0.323614   \n"}
,{"stream_name":"stdout","time":335.261305268,"data":"\n"}
,{"stream_name":"stdout","time":335.261309692,"data":"     whtdov   whwpic1    y00678    yebcar   yebela1    yecmac    yecpar  \\\n"}
,{"stream_name":"stdout","time":335.261315198,"data":"0  0.429690  0.604003  0.202415  0.568192  0.741776  0.600642  0.259524   \n"}
,{"stream_name":"stdout","time":335.261320172,"data":"1  0.387806  0.884046  0.320471  0.165402  0.501788  0.652284  0.214024   \n"}
,{"stream_name":"stdout","time":335.261325015,"data":"2  0.352083  0.810615  0.305071  0.208769  0.643510  0.674974  0.283948   \n"}
,{"stream_name":"stdout","time":335.261329326,"data":"\n"}
,{"stream_name":"stdout","time":335.261333956,"data":"    yehcar1   yeofly1  \n"}
,{"stream_name":"stdout","time":335.261338612,"data":"0  0.324525  0.710095  \n"}
,{"stream_name":"stdout","time":335.261342847,"data":"1  0.509926  0.589911  \n"}
,{"stream_name":"stdout","time":335.261347233,"data":"2  0.486461  0.278476  \n"}
,{"stream_name":"stdout","time":335.261351969,"data":"\n"}
,{"stream_name":"stdout","time":335.261356133,"data":"[3 rows x 235 columns]\n"}
,{"stream_name":"stdout","time":335.339611363,"data":"v383 dry-run row mismatch tolerated: v107 fallback rows do not match sample\n"}
,{"stream_name":"stdout","time":335.51332057,"data":"v383 dry-run tolerant static distill patch complete\n"}
,{"stream_name":"stderr","time":340.094906271,"data":"/usr/local/lib/python3.12/dist-packages/mistune.py:435: SyntaxWarning: invalid escape sequence '\\|'\n"}
,{"stream_name":"stderr","time":340.094949849,"data":"  cells[i][c] = re.sub('\\\\\\\\\\|', '|', cell)\n"}
,{"stream_name":"stderr","time":340.30176091,"data":"/usr/local/lib/python3.12/dist-packages/nbconvert/filters/filter_links.py:36: SyntaxWarning: invalid escape sequence '\\_'\n"}
,{"stream_name":"stderr","time":340.30179488,"data":"  text = re.sub(r'_', '\\_', text) # Escape underscores in display text\n"}
,{"stream_name":"stderr","time":341.159454745,"data":"[NbConvertApp] Converting notebook __notebook__.ipynb to notebook\n"}
,{"stream_name":"stderr","time":341.611275956,"data":"[NbConvertApp] Writing 135153 bytes to __notebook__.ipynb\n"}
,{"stream_name":"stderr","time":344.900190329,"data":"[NbConvertApp] Converting notebook __notebook__.ipynb to html\n"}
,{"stream_name":"stderr","time":346.313088879,"data":"[NbConvertApp] Writing 632931 bytes to __results__.html\n"}
]