[{"stream_name":"stderr","time":9.884053952,"data":"0.00s - Debugger warning: It seems that frozen modules are being used, which may\n"}
,{"stream_name":"stderr","time":9.884154673,"data":"0.00s - make the debugger miss breakpoints. Please pass -Xfrozen_modules=off\n"}
,{"stream_name":"stderr","time":9.884160183,"data":"0.00s - to python to disable frozen modules.\n"}
,{"stream_name":"stderr","time":9.8841638,"data":"0.00s - Note: Debugging will proceed. Set PYDEVD_DISABLE_FILE_VALIDATION=1 to disable this validation.\n"}
,{"stream_name":"stderr","time":10.869405877,"data":"0.00s - Debugger warning: It seems that frozen modules are being used, which may\n"}
,{"stream_name":"stderr","time":10.869460403,"data":"0.00s - make the debugger miss breakpoints. Please pass -Xfrozen_modules=off\n"}
,{"stream_name":"stderr","time":10.869465432,"data":"0.00s - to python to disable frozen modules.\n"}
,{"stream_name":"stderr","time":10.869576629,"data":"0.00s - Note: Debugging will proceed. Set PYDEVD_DISABLE_FILE_VALIDATION=1 to disable this validation.\n"}
,{"stream_name":"stdout","time":22.060138771,"data":"ONNX Runtime: 1.24.4\n"}
,{"stream_name":"stdout","time":22.085322705,"data":"External Perch cache disabled for v113 LantingGuo MelNorm run\n"}
,{"stream_name":"stdout","time":22.151052897,"data":"Classes: 234\n"}
,{"stream_name":"stdout","time":29.814464617,"data":"Using ONNX Perch: /kaggle/input/datasets/rishikeshjani/perch-onnx-for-birdclef-2026/perch_v2.onnx\n"}
,{"stream_name":"stdout","time":29.814667554,"data":"Mapped: 203/234\n"}
,{"stream_name":"stdout","time":29.863461643,"data":"Frog proxies: 0\n"}
,{"stream_name":"stdout","time":29.886786404,"data":"V113: Perch train cache will be rebuilt in-notebook after inference helpers are defined\n"}
,{"stream_name":"stdout","time":30.267560513,"data":"Full files: 59, Windows: 708, Active: 71\n"}
,{"stream_name":"stdout","time":30.580248402,"data":"Using LantingGuo clean SED: /kaggle/input/datasets/lantingguo/birdclef2026-own-sed-b0-v5-onnx/sed_b0.onnx\n"}
,{"stream_name":"stdout","time":30.580323554,"data":"LantingGuo SED inputs: [('mel', ['batch', 1, 128, 'time'], 'tensor(float)')]\n"}
,{"stream_name":"stdout","time":30.580332824,"data":"LantingGuo SED outputs: [('logits', ['batch', 234], 'tensor(float)')]\n"}
,{"stream_name":"stdout","time":30.749439269,"data":"V113 rebuilding Perch train features for 59 files\n"}
,{"stream_name":"stdout","time":79.750217689,"data":"Perch output names: ['embedding', 'spatial_embedding', 'spectrogram', 'label']\n"}
,{"stream_name":"stdout","time":79.750286096,"data":"Detected embedding output index: 0\n"}
,{"stream_name":"stdout","time":79.750294488,"data":"Detected spatial_embedding output index: None\n"}
,{"stream_name":"stdout","time":195.761917611,"data":"V113 rebuilt train features: meta=(708, 2), scores=(708, 234), emb=(708, 1536)\n"}
,{"stream_name":"stdout","time":272.876493131,"data":"V113 rebuilt LantingGuo train logits: {'zscore': (708, 234), 'minmax': (708, 234)}\n"}
,{"stream_name":"stdout","time":272.916012794,"data":"OOF logits shape: (708, 234)\n"}
,{"stream_name":"stdout","time":273.078432054,"data":"Raw Perch OOF AUC: 0.6812\n"}
,{"stream_name":"stdout","time":273.131240468,"data":"Per-class AUC: mean=0.6812, min=0.0862, max=1.0000\n"}
,{"stream_name":"stdout","time":273.131311681,"data":"Classes with AUC \u003c 0.5: 19\n"}
,{"stream_name":"stdout","time":273.74315847,"data":"Fitted 71 calibrators\n"}
,{"stream_name":"stdout","time":273.743223442,"data":"Calibrated OOF AUC: 0.8020 (delta: +0.1208)\n"}
,{"stream_name":"stdout","time":273.765396553,"data":"Calibrated per-class AUC: mean=0.8020, min=0.2949, max=1.0000\n"}
,{"stream_name":"stdout","time":273.834680908,"data":"Thresholds: mean=0.429, min=0.050, max=0.550\n"}
,{"stream_name":"stdout","time":273.965967899,"data":"No test files - using train soundscapes for dry run\n"}
,{"stream_name":"stdout","time":274.233573026,"data":"Processing 10 files\n"}
,{"stream_name":"stdout","time":300.328870735,"data":"Perch output names: ['embedding', 'spatial_embedding', 'spectrogram', 'label']\n"}
,{"stream_name":"stdout","time":300.328941269,"data":"Detected embedding output index: 0\n"}
,{"stream_name":"stdout","time":300.32894878,"data":"Detected spatial_embedding output index: 1\n"}
,{"stream_name":"stdout","time":300.328954665,"data":"Spatial feature dim: 4608\n"}
,{"stream_name":"stdout","time":300.352767052,"data":"Test embeddings: (120, 1536)\n"}
,{"stream_name":"stdout","time":300.352822582,"data":"Test spatial features: (120, 4608)\n"}
,{"stream_name":"stdout","time":309.77973073,"data":"LantingGuo SED test logits: {'zscore': (120, 234), 'minmax': (120, 234)}\n"}
,{"stream_name":"stdout","time":310.071833908,"data":"V113 LantingGuo MelNorm view: shape=(120, 234), range=[0.000463, 0.999997]\n"}
,{"stream_name":"stdout","time":310.071918391,"data":"V113 MelNorm trust: active=23/234, mean/max=0.0528/0.8200\n"}
,{"stream_name":"stdout","time":310.071929116,"data":"V113 LantingGuo train AUC ref: mean=0.4956, min=0.1304, active=234\n"}
,{"stream_name":"stdout","time":310.071936856,"data":"V113 MelNorm diagnostics saved: v113_lantingguo_melnorm_diagnostics.csv\n"}
,{"stream_name":"stdout","time":310.28373671,"data":"Perch classwise soft suppression: 0.433, factor=[0.369,0.720]\n"}
,{"stream_name":"stdout","time":310.283797799,"data":"Embedding probe aligned train rows: (708, 1536) unique cache rows 708\n"}
,{"stream_name":"stdout","time":310.426790216,"data":"Embedding probe active: train=(708, 1536), test=(120, 1536), rank std=0.1590067446231842\n"}
,{"stream_name":"stdout","time":311.958160274,"data":"MLP embedding probe active: train=(708, 96), test=(120, 96), n_iter=29, rank std=0.2886650860309601\n"}
,{"stream_name":"stdout","time":353.920040574,"data":"Perch output names: ['embedding', 'spatial_embedding', 'spectrogram', 'label']\n"}
,{"stream_name":"stdout","time":353.920108132,"data":"Detected embedding output index: 0\n"}
,{"stream_name":"stdout","time":353.920115574,"data":"Detected spatial_embedding output index: 1\n"}
,{"stream_name":"stdout","time":353.920122094,"data":"Spatial feature dim: 4608\n"}
,{"stream_name":"stdout","time":466.322755444,"data":"Spatial probe aligned train rows: (708, 4608) unique spatial rows 708\n"}
,{"stream_name":"stdout","time":466.322840401,"data":"Spatial probe active: train=(708, 4608), test=(120, 4608), rank std=0.15956220030784607\n"}
,{"stream_name":"stdout","time":466.32284738,"data":"Dual probe active: embedding=0.64 spatial=0.26 mlp=0.10 combined std=0.14225563406944275\n"}
,{"stream_name":"stdout","time":466.441114561,"data":"V113 EcoProto clean-blend guarded macro-risk rescue counts: {'protect_anchor': 35, 'rare_floor': 176, 'macro_weak': 12, 'macro_mild': 4, 'texture_prior_rescue': 2, 'active_rescue': 16, 'positive_rescue_cells': 2661, 'top_hit_guard_cells': 333, 'ctx_cells': 5}\n"}
,{"stream_name":"stdout","time":466.441184287,"data":"V113 class rescue mix range/mean: [0.000, 0.340] / 0.0190\n"}
,{"stream_name":"stdout","time":466.44119115,"data":"V113 effective rescue mix range/mean: [0.000, 0.340] / 0.0094\n"}
,{"stream_name":"stdout","time":466.44119669,"data":"V113 components: macro mean/std=0.506588/0.232859; v84_like mean/std=0.506605/0.234650; rescue_view mean/std=0.506868/0.244014; dualprobe mean/std=0.506862/0.253353\n"}
,{"stream_name":"stdout","time":466.441202789,"data":"OOF refs: Perch raw=0.681, Perch cal=0.802, SED=0.496, delta=-0.272\n"}
,{"stream_name":"stdout","time":466.441234379,"data":"SED weights sedfirst=0.578, adaptive=0.464, safety=0.480\n"}
,{"stream_name":"stdout","time":466.441238823,"data":"View mix: v113 = self-contained v107-like rank ceiling plus EcoProto rank-launch clean blend\n"}
,{"stream_name":"stdout","time":466.44124315,"data":"Prior strength mean=1.000, applied mean=0.0103, file scale mean=0.999\n"}
,{"stream_name":"stdout","time":466.44124741,"data":"Spike-smoothed score range: [0.011144, 0.999292]\n"}
,{"stream_name":"stdout","time":466.441252266,"data":"Score mean/std: 0.506944/0.234716\n"}
,{"stream_name":"stdout","time":466.441256476,"data":"V113 EcoProto active classes: 67/234; sim range=[-0.0414,0.9523]\n"}
,{"stream_name":"stdout","time":466.441260777,"data":"V113 EcoProto cells: mix=3480, temporal=909, class_gate=29\n"}
,{"stream_name":"stdout","time":466.441264986,"data":"V113 EcoProto mix mean/max: 0.02608/0.34000; temporal mean=0.00421\n"}
,{"stream_name":"stdout","time":466.441269247,"data":"V113 post-EcoProto score range: [0.011144, 0.999292]\n"}
,{"stream_name":"stdout","time":466.44127342,"data":"V113 post-EcoProto score mean/std: 0.509924/0.234548\n"}
,{"stream_name":"stdout","time":466.441277539,"data":"V113 v107-like cells: restore=33, top_guard=373\n"}
,{"stream_name":"stdout","time":466.441281542,"data":"V113 EcoProto rank-launch cells: launch=33, top_guard=368\n"}
,{"stream_name":"stdout","time":466.441285565,"data":"V113 clean blend weights: v107_like=0.40, v109_like=0.60\n"}
,{"stream_name":"stdout","time":466.441289587,"data":"V113 post-cleanblend score range: [0.011144, 0.999507]\n"}
,{"stream_name":"stdout","time":466.441293815,"data":"V113 post-cleanblend score mean/std: 0.521022/0.243240\n"}
,{"stream_name":"stdout","time":466.597764528,"data":"Saved: (120, 235)\n"}
,{"stream_name":"stdout","time":466.5978418,"data":"                                     row_id   1161364    116570   1176823  \\\n"}
,{"stream_name":"stdout","time":466.597848269,"data":"0   BC2026_Train_0001_S08_20250606_030007_5  0.695412  0.641742  0.608992   \n"}
,{"stream_name":"stdout","time":466.597852973,"data":"1  BC2026_Train_0001_S08_20250606_030007_10  0.763076  0.788035  0.309009   \n"}
,{"stream_name":"stdout","time":466.597857081,"data":"2  BC2026_Train_0001_S08_20250606_030007_15  0.760851  0.716123  0.460606   \n"}
,{"stream_name":"stdout","time":466.597861909,"data":"\n"}
,{"stream_name":"stdout","time":466.597865977,"data":"    1491113   1595929    209233     22930     22956     22961  ...   whnjay1  \\\n"}
,{"stream_name":"stdout","time":466.597870429,"data":"0  0.742907  0.363710  0.494095  0.167047  0.764954  0.827210  ...  0.073880   \n"}
,{"stream_name":"stdout","time":466.597875532,"data":"1  0.603120  0.345560  0.531877  0.047741  0.802855  0.611138  ...  0.226398   \n"}
,{"stream_name":"stdout","time":466.597880937,"data":"2  0.662362  0.332773  0.479846  0.060343  0.691470  0.689158  ...  0.323614   \n"}
,{"stream_name":"stdout","time":466.59788643,"data":"\n"}
,{"stream_name":"stdout","time":466.597890635,"data":"     whtdov   whwpic1    y00678    yebcar   yebela1    yecmac    yecpar  \\\n"}
,{"stream_name":"stdout","time":466.597895192,"data":"0  0.429690  0.604003  0.202415  0.568192  0.741776  0.600642  0.259524   \n"}
,{"stream_name":"stdout","time":466.597899745,"data":"1  0.387806  0.884046  0.320471  0.165402  0.501788  0.652284  0.214024   \n"}
,{"stream_name":"stdout","time":466.597904231,"data":"2  0.352083  0.810615  0.305071  0.208769  0.643510  0.674974  0.283948   \n"}
,{"stream_name":"stdout","time":466.597908439,"data":"\n"}
,{"stream_name":"stdout","time":466.597913031,"data":"    yehcar1   yeofly1  \n"}
,{"stream_name":"stdout","time":466.597944046,"data":"0  0.324525  0.710095  \n"}
,{"stream_name":"stdout","time":466.597948584,"data":"1  0.509926  0.589911  \n"}
,{"stream_name":"stdout","time":466.597952531,"data":"2  0.486461  0.278476  \n"}
,{"stream_name":"stdout","time":466.597956512,"data":"\n"}
,{"stream_name":"stdout","time":466.597960314,"data":"[3 rows x 235 columns]\n"}
,{"stream_name":"stderr","time":473.185256508,"data":"/usr/local/lib/python3.12/dist-packages/mistune.py:435: SyntaxWarning: invalid escape sequence '\\|'\n"}
,{"stream_name":"stderr","time":473.185321047,"data":"  cells[i][c] = re.sub('\\\\\\\\\\|', '|', cell)\n"}
,{"stream_name":"stderr","time":473.435070369,"data":"/usr/local/lib/python3.12/dist-packages/nbconvert/filters/filter_links.py:36: SyntaxWarning: invalid escape sequence '\\_'\n"}
,{"stream_name":"stderr","time":473.435139747,"data":"  text = re.sub(r'_', '\\_', text) # Escape underscores in display text\n"}
,{"stream_name":"stderr","time":474.400269475,"data":"[NbConvertApp] Converting notebook __notebook__.ipynb to notebook\n"}
,{"stream_name":"stderr","time":474.987795413,"data":"[NbConvertApp] Writing 180609 bytes to __notebook__.ipynb\n"}
,{"stream_name":"stderr","time":478.873855374,"data":"[NbConvertApp] Converting notebook __notebook__.ipynb to html\n"}
,{"stream_name":"stderr","time":480.500385511,"data":"[NbConvertApp] Writing 686841 bytes to __results__.html\n"}
]