[{"stream_name":"stderr","time":8.015655657,"data":"0.00s - Debugger warning: It seems that frozen modules are being used, which may\n"}
,{"stream_name":"stderr","time":8.015725492,"data":"0.00s - make the debugger miss breakpoints. Please pass -Xfrozen_modules=off\n"}
,{"stream_name":"stderr","time":8.015731496,"data":"0.00s - to python to disable frozen modules.\n"}
,{"stream_name":"stderr","time":8.015735531,"data":"0.00s - Note: Debugging will proceed. Set PYDEVD_DISABLE_FILE_VALIDATION=1 to disable this validation.\n"}
,{"stream_name":"stderr","time":8.769015404,"data":"0.00s - Debugger warning: It seems that frozen modules are being used, which may\n"}
,{"stream_name":"stderr","time":8.769054007,"data":"0.00s - make the debugger miss breakpoints. Please pass -Xfrozen_modules=off\n"}
,{"stream_name":"stderr","time":8.769059753,"data":"0.00s - to python to disable frozen modules.\n"}
,{"stream_name":"stderr","time":8.769064412,"data":"0.00s - Note: Debugging will proceed. Set PYDEVD_DISABLE_FILE_VALIDATION=1 to disable this validation.\n"}
,{"stream_name":"stdout","time":17.745674728,"data":"ONNX Runtime: 1.24.4\n"}
,{"stream_name":"stdout","time":17.762229019,"data":"External Perch cache disabled for v110 EcoProto clean-blend run\n"}
,{"stream_name":"stdout","time":17.811468933,"data":"Classes: 234\n"}
,{"stream_name":"stdout","time":23.85934776,"data":"Using ONNX Perch: /kaggle/input/datasets/rishikeshjani/perch-onnx-for-birdclef-2026/perch_v2.onnx\n"}
,{"stream_name":"stdout","time":23.859396527,"data":"Mapped: 203/234\n"}
,{"stream_name":"stdout","time":23.89758726,"data":"Frog proxies: 0\n"}
,{"stream_name":"stdout","time":23.915313071,"data":"V110: Perch train cache will be rebuilt in-notebook after inference helpers are defined\n"}
,{"stream_name":"stdout","time":24.18667958,"data":"Full files: 59, Windows: 708, Active: 71\n"}
,{"stream_name":"stdout","time":24.326437708,"data":"V110 rebuilding Perch train features for 59 files\n"}
,{"stream_name":"stdout","time":60.525478108,"data":"Perch output names: ['embedding', 'spatial_embedding', 'spectrogram', 'label']\n"}
,{"stream_name":"stdout","time":60.525522446,"data":"Detected embedding output index: 0\n"}
,{"stream_name":"stdout","time":60.52552878,"data":"Detected spatial_embedding output index: None\n"}
,{"stream_name":"stdout","time":148.400880546,"data":"V110 rebuilt train features: meta=(708, 2), scores=(708, 234), emb=(708, 1536)\n"}
,{"stream_name":"stdout","time":148.430641054,"data":"OOF logits shape: (708, 234)\n"}
,{"stream_name":"stdout","time":148.60226316,"data":"Raw Perch OOF AUC: 0.6812\n"}
,{"stream_name":"stdout","time":148.609650386,"data":"Per-class AUC: mean=0.6812, min=0.0862, max=1.0000\n"}
,{"stream_name":"stdout","time":148.609689326,"data":"Classes with AUC \u003c 0.5: 19\n"}
,{"stream_name":"stdout","time":149.14008893,"data":"Fitted 71 calibrators\n"}
,{"stream_name":"stdout","time":149.140128905,"data":"Calibrated OOF AUC: 0.8020 (delta: +0.1208)\n"}
,{"stream_name":"stdout","time":149.140136408,"data":"Calibrated per-class AUC: mean=0.8020, min=0.2949, max=1.0000\n"}
,{"stream_name":"stdout","time":149.194117186,"data":"Thresholds: mean=0.429, min=0.050, max=0.550\n"}
,{"stream_name":"stdout","time":149.431855034,"data":"No test files - using train soundscapes for dry run\n"}
,{"stream_name":"stdout","time":149.534379262,"data":"Processing 10 files\n"}
,{"stream_name":"stdout","time":169.295783839,"data":"Perch output names: ['embedding', 'spatial_embedding', 'spectrogram', 'label']\n"}
,{"stream_name":"stdout","time":169.295831664,"data":"Detected embedding output index: 0\n"}
,{"stream_name":"stdout","time":169.295838072,"data":"Detected spatial_embedding output index: 1\n"}
,{"stream_name":"stdout","time":169.295868757,"data":"Spatial feature dim: 4608\n"}
,{"stream_name":"stdout","time":169.295872203,"data":"Test embeddings: (120, 1536)\n"}
,{"stream_name":"stdout","time":169.29587488,"data":"Test spatial features: (120, 4608)\n"}
,{"stream_name":"stdout","time":169.316752824,"data":"V110 Perch-only surrogate view: shape=(120, 234), range=[0.000463, 0.999997]\n"}
,{"stream_name":"stdout","time":169.526541502,"data":"Perch classwise soft suppression: 0.433, factor=[0.369,0.720]\n"}
,{"stream_name":"stdout","time":169.526578227,"data":"Embedding probe aligned train rows: (708, 1536) unique cache rows 708\n"}
,{"stream_name":"stdout","time":169.526583214,"data":"Embedding probe active: train=(708, 1536), test=(120, 1536), rank std=0.1590067446231842\n"}
,{"stream_name":"stdout","time":170.812391924,"data":"MLP embedding probe active: train=(708, 96), test=(120, 96), n_iter=29, rank std=0.2886650860309601\n"}
,{"stream_name":"stdout","time":202.495857827,"data":"Perch output names: ['embedding', 'spatial_embedding', 'spectrogram', 'label']\n"}
,{"stream_name":"stdout","time":202.495925296,"data":"Detected embedding output index: 0\n"}
,{"stream_name":"stdout","time":202.495932137,"data":"Detected spatial_embedding output index: 1\n"}
,{"stream_name":"stdout","time":202.495937583,"data":"Spatial feature dim: 4608\n"}
,{"stream_name":"stdout","time":287.585689233,"data":"Spatial probe aligned train rows: (708, 4608) unique spatial rows 708\n"}
,{"stream_name":"stdout","time":287.58578434,"data":"Spatial probe active: train=(708, 4608), test=(120, 4608), rank std=0.15956220030784607\n"}
,{"stream_name":"stdout","time":287.585793976,"data":"Dual probe active: embedding=0.64 spatial=0.26 mlp=0.10 combined std=0.14225563406944275\n"}
,{"stream_name":"stdout","time":287.654673117,"data":"V110 EcoProto clean-blend guarded macro-risk rescue counts: {'protect_anchor': 35, 'rare_floor': 176, 'macro_weak': 12, 'macro_mild': 4, 'texture_prior_rescue': 0, 'active_rescue': 16, 'positive_rescue_cells': 2749, 'top_hit_guard_cells': 330, 'ctx_cells': 2}\n"}
,{"stream_name":"stdout","time":287.654710219,"data":"V110 class rescue mix range/mean: [0.000, 0.340] / 0.0190\n"}
,{"stream_name":"stdout","time":287.654716225,"data":"V110 effective rescue mix range/mean: [0.000, 0.340] / 0.0095\n"}
,{"stream_name":"stdout","time":287.654721739,"data":"V110 components: macro mean/std=0.506653/0.230775; v84_like mean/std=0.506686/0.232786; rescue_view mean/std=0.506874/0.242758; dualprobe mean/std=0.506997/0.253222\n"}
,{"stream_name":"stdout","time":287.654727417,"data":"OOF refs: Perch raw=0.681, Perch cal=0.802, SED=0.591, delta=-0.209\n"}
,{"stream_name":"stdout","time":287.654732739,"data":"SED weights sedfirst=0.578, adaptive=0.489, safety=0.480\n"}
,{"stream_name":"stdout","time":287.654737593,"data":"View mix: v110 = self-contained v107-like rank ceiling plus EcoProto rank-launch clean blend\n"}
,{"stream_name":"stdout","time":287.654742564,"data":"Prior strength mean=1.000, applied mean=0.0103, file scale mean=0.999\n"}
,{"stream_name":"stdout","time":287.654747355,"data":"Spike-smoothed score range: [0.011144, 0.999292]\n"}
,{"stream_name":"stdout","time":287.654752101,"data":"Score mean/std: 0.507024/0.232823\n"}
,{"stream_name":"stdout","time":287.654756735,"data":"V110 EcoProto active classes: 67/234; sim range=[-0.0414,0.9523]\n"}
,{"stream_name":"stdout","time":287.65476183,"data":"V110 EcoProto cells: mix=3480, temporal=930, class_gate=29\n"}
,{"stream_name":"stdout","time":287.654766646,"data":"V110 EcoProto mix mean/max: 0.02608/0.34000; temporal mean=0.00431\n"}
,{"stream_name":"stdout","time":287.654771688,"data":"V110 post-EcoProto score range: [0.011144, 0.999292]\n"}
,{"stream_name":"stdout","time":287.654800373,"data":"V110 post-EcoProto score mean/std: 0.510022/0.233074\n"}
,{"stream_name":"stdout","time":287.654804178,"data":"V110 v107-like cells: restore=33, top_guard=374\n"}
,{"stream_name":"stdout","time":287.654807816,"data":"V110 EcoProto rank-launch cells: launch=33, top_guard=376\n"}
,{"stream_name":"stdout","time":287.654811582,"data":"V110 clean blend weights: v107_like=0.40, v109_like=0.60\n"}
,{"stream_name":"stdout","time":287.654815228,"data":"V110 post-cleanblend score range: [0.011144, 0.999470]\n"}
,{"stream_name":"stdout","time":287.654819262,"data":"V110 post-cleanblend score mean/std: 0.521132/0.242345\n"}
,{"stream_name":"stdout","time":287.792032512,"data":"Saved: (120, 235)\n"}
,{"stream_name":"stdout","time":287.792071827,"data":"                                     row_id   1161364    116570   1176823  \\\n"}
,{"stream_name":"stdout","time":287.792077914,"data":"0   BC2026_Train_0001_S08_20250606_030007_5  0.695412  0.641742  0.608992   \n"}
,{"stream_name":"stdout","time":287.792082242,"data":"1  BC2026_Train_0001_S08_20250606_030007_10  0.763076  0.788035  0.309009   \n"}
,{"stream_name":"stdout","time":287.792086092,"data":"2  BC2026_Train_0001_S08_20250606_030007_15  0.760851  0.716123  0.460606   \n"}
,{"stream_name":"stdout","time":287.792090143,"data":"\n"}
,{"stream_name":"stdout","time":287.792093464,"data":"    1491113   1595929    209233     22930     22956     22961  ...   whnjay1  \\\n"}
,{"stream_name":"stdout","time":287.792097689,"data":"0  0.617959  0.363710  0.494095  0.167047  0.764954  0.832114  ...  0.073880   \n"}
,{"stream_name":"stdout","time":287.792102279,"data":"1  0.637635  0.345560  0.531877  0.047741  0.802855  0.617875  ...  0.226398   \n"}
,{"stream_name":"stdout","time":287.792108997,"data":"2  0.922389  0.332773  0.479846  0.060343  0.691470  0.700350  ...  0.323614   \n"}
,{"stream_name":"stdout","time":287.792112587,"data":"\n"}
,{"stream_name":"stdout","time":287.792116971,"data":"     whtdov   whwpic1    y00678    yebcar   yebela1    yecmac    yecpar  \\\n"}
,{"stream_name":"stdout","time":287.792119867,"data":"0  0.429690  0.604003  0.202415  0.568192  0.741776  0.600642  0.259524   \n"}
,{"stream_name":"stdout","time":287.792122692,"data":"1  0.387806  0.884046  0.320471  0.165402  0.501788  0.652284  0.214024   \n"}
,{"stream_name":"stdout","time":287.792125304,"data":"2  0.352083  0.810615  0.305071  0.208769  0.643510  0.674974  0.283948   \n"}
,{"stream_name":"stdout","time":287.792128084,"data":"\n"}
,{"stream_name":"stdout","time":287.792130519,"data":"    yehcar1   yeofly1  \n"}
,{"stream_name":"stdout","time":287.792133061,"data":"0  0.324525  0.710095  \n"}
,{"stream_name":"stdout","time":287.792135426,"data":"1  0.509926  0.589911  \n"}
,{"stream_name":"stdout","time":287.792137989,"data":"2  0.486461  0.278476  \n"}
,{"stream_name":"stdout","time":287.792140366,"data":"\n"}
,{"stream_name":"stdout","time":287.792142922,"data":"[3 rows x 235 columns]\n"}
,{"stream_name":"stderr","time":292.353149442,"data":"/usr/local/lib/python3.12/dist-packages/mistune.py:435: SyntaxWarning: invalid escape sequence '\\|'\n"}
,{"stream_name":"stderr","time":292.353188184,"data":"  cells[i][c] = re.sub('\\\\\\\\\\|', '|', cell)\n"}
,{"stream_name":"stderr","time":292.560539445,"data":"/usr/local/lib/python3.12/dist-packages/nbconvert/filters/filter_links.py:36: SyntaxWarning: invalid escape sequence '\\_'\n"}
,{"stream_name":"stderr","time":292.560570244,"data":"  text = re.sub(r'_', '\\_', text) # Escape underscores in display text\n"}
,{"stream_name":"stderr","time":293.342162756,"data":"[NbConvertApp] Converting notebook __notebook__.ipynb to notebook\n"}
,{"stream_name":"stderr","time":293.744808951,"data":"[NbConvertApp] Writing 123275 bytes to __notebook__.ipynb\n"}
,{"stream_name":"stderr","time":296.777575742,"data":"[NbConvertApp] Converting notebook __notebook__.ipynb to html\n"}
,{"stream_name":"stderr","time":298.075368372,"data":"[NbConvertApp] Writing 604727 bytes to __results__.html\n"}
]