[{"stream_name":"stderr","time":8.938100735999999,"data":"0.00s - Debugger warning: It seems that frozen modules are being used, which may\n"}
,{"stream_name":"stderr","time":8.938185561,"data":"0.00s - make the debugger miss breakpoints. Please pass -Xfrozen_modules=off\n"}
,{"stream_name":"stderr","time":8.938193966,"data":"0.00s - to python to disable frozen modules.\n"}
,{"stream_name":"stderr","time":8.938199175,"data":"0.00s - Note: Debugging will proceed. Set PYDEVD_DISABLE_FILE_VALIDATION=1 to disable this validation.\n"}
,{"stream_name":"stderr","time":9.752631749,"data":"0.00s - Debugger warning: It seems that frozen modules are being used, which may\n"}
,{"stream_name":"stderr","time":9.75267075,"data":"0.00s - make the debugger miss breakpoints. Please pass -Xfrozen_modules=off\n"}
,{"stream_name":"stderr","time":9.75267663,"data":"0.00s - to python to disable frozen modules.\n"}
,{"stream_name":"stderr","time":9.752680939,"data":"0.00s - Note: Debugging will proceed. Set PYDEVD_DISABLE_FILE_VALIDATION=1 to disable this validation.\n"}
,{"stream_name":"stdout","time":19.105959971,"data":"ONNX Runtime: 1.24.4\n"}
,{"stream_name":"stdout","time":19.122857181,"data":"External Perch cache disabled for v106 license-reduced run\n"}
,{"stream_name":"stdout","time":19.176312496,"data":"Classes: 234\n"}
,{"stream_name":"stdout","time":23.79081717,"data":"Using ONNX Perch: /kaggle/input/datasets/rishikeshjani/perch-onnx-for-birdclef-2026/perch_v2.onnx\n"}
,{"stream_name":"stdout","time":23.790858921999998,"data":"Mapped: 203/234\n"}
,{"stream_name":"stdout","time":23.830807164,"data":"Frog proxies: 0\n"}
,{"stream_name":"stdout","time":23.848944573,"data":"V106: Perch train cache will be rebuilt in-notebook after inference helpers are defined\n"}
,{"stream_name":"stdout","time":24.125814046,"data":"Full files: 59, Windows: 708, Active: 71\n"}
,{"stream_name":"stdout","time":24.247712563,"data":"V106 rebuilding Perch train features for 59 files\n"}
,{"stream_name":"stdout","time":64.25690235,"data":"Perch output names: ['embedding', 'spatial_embedding', 'spectrogram', 'label']\n"}
,{"stream_name":"stdout","time":64.256956642,"data":"Detected embedding output index: 0\n"}
,{"stream_name":"stdout","time":64.256964245,"data":"Detected spatial_embedding output index: None\n"}
,{"stream_name":"stdout","time":160.881281336,"data":"V106 rebuilt train features: meta=(708, 2), scores=(708, 234), emb=(708, 1536)\n"}
,{"stream_name":"stdout","time":160.912687801,"data":"OOF logits shape: (708, 234)\n"}
,{"stream_name":"stdout","time":161.081518817,"data":"Raw Perch OOF AUC: 0.6812\n"}
,{"stream_name":"stdout","time":161.106941903,"data":"Per-class AUC: mean=0.6812, min=0.0862, max=1.0000\n"}
,{"stream_name":"stdout","time":161.106979517,"data":"Classes with AUC \u003c 0.5: 19\n"}
,{"stream_name":"stdout","time":161.725033569,"data":"Fitted 71 calibrators\n"}
,{"stream_name":"stdout","time":161.725099816,"data":"Calibrated OOF AUC: 0.8020 (delta: +0.1208)\n"}
,{"stream_name":"stdout","time":161.732458423,"data":"Calibrated per-class AUC: mean=0.8020, min=0.2949, max=1.0000\n"}
,{"stream_name":"stdout","time":161.792868452,"data":"Thresholds: mean=0.429, min=0.050, max=0.550\n"}
,{"stream_name":"stdout","time":161.932938356,"data":"No test files - using train soundscapes for dry run\n"}
,{"stream_name":"stdout","time":162.139167855,"data":"Processing 10 files\n"}
,{"stream_name":"stdout","time":183.91992169,"data":"Perch output names: ['embedding', 'spatial_embedding', 'spectrogram', 'label']\n"}
,{"stream_name":"stdout","time":183.919998122,"data":"Detected embedding output index: 0\n"}
,{"stream_name":"stdout","time":183.920007213,"data":"Detected spatial_embedding output index: 1\n"}
,{"stream_name":"stdout","time":183.920042546,"data":"Spatial feature dim: 4608\n"}
,{"stream_name":"stdout","time":183.9200465,"data":"Test embeddings: (120, 1536)\n"}
,{"stream_name":"stdout","time":183.920049336,"data":"Test spatial features: (120, 4608)\n"}
,{"stream_name":"stdout","time":183.940147027,"data":"V106 Perch-only surrogate view: shape=(120, 234), range=[0.000463, 0.999997]\n"}
,{"stream_name":"stdout","time":184.152370017,"data":"Perch classwise soft suppression: 0.433, factor=[0.369,0.720]\n"}
,{"stream_name":"stdout","time":184.152414926,"data":"Embedding probe aligned train rows: (708, 1536) unique cache rows 708\n"}
,{"stream_name":"stdout","time":184.152421085,"data":"Embedding probe active: train=(708, 1536), test=(120, 1536), rank std=0.1590067446231842\n"}
,{"stream_name":"stdout","time":185.367834269,"data":"MLP embedding probe active: train=(708, 96), test=(120, 96), n_iter=29, rank std=0.2886650860309601\n"}
,{"stream_name":"stdout","time":220.24754576,"data":"Perch output names: ['embedding', 'spatial_embedding', 'spectrogram', 'label']\n"}
,{"stream_name":"stdout","time":220.247593948,"data":"Detected embedding output index: 0\n"}
,{"stream_name":"stdout","time":220.247602876,"data":"Detected spatial_embedding output index: 1\n"}
,{"stream_name":"stdout","time":220.247610871,"data":"Spatial feature dim: 4608\n"}
,{"stream_name":"stdout","time":314.284844177,"data":"Spatial probe aligned train rows: (708, 4608) unique spatial rows 708\n"}
,{"stream_name":"stdout","time":314.284898942,"data":"Spatial probe active: train=(708, 4608), test=(120, 4608), rank std=0.15956220030784607\n"}
,{"stream_name":"stdout","time":314.284909366,"data":"Dual probe active: embedding=0.64 spatial=0.26 mlp=0.10 combined std=0.14225563406944275\n"}
,{"stream_name":"stdout","time":314.316536749,"data":"V106 rank-dominant Perch-only guarded macro-risk rescue counts: {'protect_anchor': 35, 'rare_floor': 176, 'macro_weak': 12, 'macro_mild': 4, 'texture_prior_rescue': 0, 'active_rescue': 16, 'positive_rescue_cells': 2749, 'top_hit_guard_cells': 330, 'ctx_cells': 2}\n"}
,{"stream_name":"stdout","time":314.316584665,"data":"V106 class rescue mix range/mean: [0.000, 0.340] / 0.0190\n"}
,{"stream_name":"stdout","time":314.316592667,"data":"V106 effective rescue mix range/mean: [0.000, 0.340] / 0.0095\n"}
,{"stream_name":"stdout","time":314.316603087,"data":"V106 components: macro mean/std=0.506653/0.230775; v84_like mean/std=0.506686/0.232786; rescue_view mean/std=0.506874/0.242758; dualprobe mean/std=0.506997/0.253222\n"}
,{"stream_name":"stdout","time":314.316610499,"data":"OOF refs: Perch raw=0.681, Perch cal=0.802, SED=0.591, delta=-0.209\n"}
,{"stream_name":"stdout","time":314.316616606,"data":"SED weights sedfirst=0.578, adaptive=0.489, safety=0.480\n"}
,{"stream_name":"stdout","time":314.316622127,"data":"View mix: v106 = Perch-only guarded rescue plus rank-dominant restoration without unknown-license cache/SED dependencies\n"}
,{"stream_name":"stdout","time":314.316628412,"data":"Prior strength mean=1.000, applied mean=0.0103, file scale mean=0.999\n"}
,{"stream_name":"stdout","time":314.316634372,"data":"Spike-smoothed score range: [0.011144, 0.999292]\n"}
,{"stream_name":"stdout","time":314.316640761,"data":"Score mean/std: 0.507024/0.232823\n"}
,{"stream_name":"stdout","time":314.316646856,"data":"V106 rank-dominant restore cells: restore=2411, top_guard=261\n"}
,{"stream_name":"stdout","time":314.316652276,"data":"V106 post-restore score range: [0.011144, 0.999292]\n"}
,{"stream_name":"stdout","time":314.316657682,"data":"V106 post-restore score mean/std: 0.515514/0.239050\n"}
,{"stream_name":"stdout","time":314.439048526,"data":"Saved: (120, 235)\n"}
,{"stream_name":"stdout","time":314.439126762,"data":"                                     row_id   1161364    116570   1176823  \\\n"}
,{"stream_name":"stdout","time":314.439135976,"data":"0   BC2026_Train_0001_S08_20250606_030007_5  0.695412  0.573467  0.608992   \n"}
,{"stream_name":"stdout","time":314.439140967,"data":"1  BC2026_Train_0001_S08_20250606_030007_10  0.763076  0.757012  0.309009   \n"}
,{"stream_name":"stdout","time":314.439145725,"data":"2  BC2026_Train_0001_S08_20250606_030007_15  0.760851  0.648528  0.460606   \n"}
,{"stream_name":"stdout","time":314.439150394,"data":"\n"}
,{"stream_name":"stdout","time":314.439154511,"data":"    1491113   1595929    209233     22930     22956     22961  ...   whnjay1  \\\n"}
,{"stream_name":"stdout","time":314.439158811,"data":"0  0.499092  0.363710  0.494095  0.167047  0.764954  0.772587  ...  0.073880   \n"}
,{"stream_name":"stdout","time":314.439163031,"data":"1  0.442935  0.345560  0.531877  0.047741  0.802855  0.531539  ...  0.226398   \n"}
,{"stream_name":"stdout","time":314.439167115,"data":"2  0.764782  0.332773  0.479846  0.060343  0.691470  0.616219  ...  0.323614   \n"}
,{"stream_name":"stdout","time":314.439171151,"data":"\n"}
,{"stream_name":"stdout","time":314.439174785,"data":"     whtdov   whwpic1    y00678    yebcar   yebela1    yecmac    yecpar  \\\n"}
,{"stream_name":"stdout","time":314.439178665,"data":"0  0.429690  0.604003  0.202415  0.568192  0.741776  0.600642  0.259524   \n"}
,{"stream_name":"stdout","time":314.439182893,"data":"1  0.387806  0.884046  0.320471  0.165402  0.501788  0.652284  0.214024   \n"}
,{"stream_name":"stdout","time":314.439186795,"data":"2  0.352083  0.810615  0.305071  0.208769  0.643510  0.674974  0.283948   \n"}
,{"stream_name":"stdout","time":314.439190794,"data":"\n"}
,{"stream_name":"stdout","time":314.439194407,"data":"    yehcar1   yeofly1  \n"}
,{"stream_name":"stdout","time":314.439198403,"data":"0  0.324525  0.710095  \n"}
,{"stream_name":"stdout","time":314.439202717,"data":"1  0.509926  0.589911  \n"}
,{"stream_name":"stdout","time":314.439211425,"data":"2  0.486461  0.278476  \n"}
,{"stream_name":"stdout","time":314.43921567,"data":"\n"}
,{"stream_name":"stdout","time":314.439219454,"data":"[3 rows x 235 columns]\n"}
,{"stream_name":"stderr","time":319.355773529,"data":"/usr/local/lib/python3.12/dist-packages/mistune.py:435: SyntaxWarning: invalid escape sequence '\\|'\n"}
,{"stream_name":"stderr","time":319.35581802,"data":"  cells[i][c] = re.sub('\\\\\\\\\\|', '|', cell)\n"}
,{"stream_name":"stderr","time":319.563950637,"data":"/usr/local/lib/python3.12/dist-packages/nbconvert/filters/filter_links.py:36: SyntaxWarning: invalid escape sequence '\\_'\n"}
,{"stream_name":"stderr","time":319.564010179,"data":"  text = re.sub(r'_', '\\_', text) # Escape underscores in display text\n"}
,{"stream_name":"stderr","time":320.38087483,"data":"[NbConvertApp] Converting notebook __notebook__.ipynb to notebook\n"}
,{"stream_name":"stderr","time":320.788034955,"data":"[NbConvertApp] Writing 116711 bytes to __notebook__.ipynb\n"}
,{"stream_name":"stderr","time":323.912569816,"data":"[NbConvertApp] Converting notebook __notebook__.ipynb to html\n"}
,{"stream_name":"stderr","time":325.232209604,"data":"[NbConvertApp] Writing 573468 bytes to __results__.html\n"}
]