[{"stream_name":"stderr","time":7.494117429,"data":"0.00s - Debugger warning: It seems that frozen modules are being used, which may\n"}
,{"stream_name":"stderr","time":7.494244832,"data":"0.00s - make the debugger miss breakpoints. Please pass -Xfrozen_modules=off\n"}
,{"stream_name":"stderr","time":7.494250098,"data":"0.00s - to python to disable frozen modules.\n"}
,{"stream_name":"stderr","time":7.494252973,"data":"0.00s - Note: Debugging will proceed. Set PYDEVD_DISABLE_FILE_VALIDATION=1 to disable this validation.\n"}
,{"stream_name":"stderr","time":8.215103496,"data":"0.00s - Debugger warning: It seems that frozen modules are being used, which may\n"}
,{"stream_name":"stderr","time":8.21513938,"data":"0.00s - make the debugger miss breakpoints. Please pass -Xfrozen_modules=off\n"}
,{"stream_name":"stderr","time":8.215169909,"data":"0.00s - to python to disable frozen modules.\n"}
,{"stream_name":"stderr","time":8.21517554,"data":"0.00s - Note: Debugging will proceed. Set PYDEVD_DISABLE_FILE_VALIDATION=1 to disable this validation.\n"}
,{"stream_name":"stdout","time":16.664930691,"data":"ONNX Runtime: 1.24.4\n"}
,{"stream_name":"stdout","time":16.682398019,"data":"External Perch cache disabled for v124 Snowflake SED EcoProto run\n"}
,{"stream_name":"stdout","time":16.734518218,"data":"Classes: 234\n"}
,{"stream_name":"stdout","time":22.774892098,"data":"Using ONNX Perch: /kaggle/input/datasets/rishikeshjani/perch-onnx-for-birdclef-2026/perch_v2.onnx\n"}
,{"stream_name":"stdout","time":22.774942996,"data":"Mapped: 203/234\n"}
,{"stream_name":"stdout","time":22.827066614,"data":"Frog proxies: 0\n"}
,{"stream_name":"stdout","time":22.847317326,"data":"V124: Perch train cache will be rebuilt in-notebook after inference helpers are defined\n"}
,{"stream_name":"stdout","time":23.113543624,"data":"Full files: 59, Windows: 708, Active: 71\n"}
,{"stream_name":"stdout","time":24.303280401,"data":"Using V124 Snowflake SED: /kaggle/input/datasets/tsubasatech/birdclef-2026-snowflake-sed/sed_convnext-tiny_fold0.onnx\n"}
,{"stream_name":"stdout","time":24.303320845000002,"data":"Snowflake SED inputs: [('audio', ['B', 160000], 'tensor(float)')]\n"}
,{"stream_name":"stdout","time":24.303327325,"data":"Snowflake SED outputs: [('logits', ['B', 234], 'tensor(float)')]\n"}
,{"stream_name":"stdout","time":24.303336397,"data":"V124 Tsubasa ConvNeXt SED ensemble size: 1\n"}
,{"stream_name":"stdout","time":24.445666421,"data":"V124 rebuilding Perch train features for 59 files\n"}
,{"stream_name":"stdout","time":64.383047706,"data":"Perch output names: ['embedding', 'spatial_embedding', 'spectrogram', 'label']\n"}
,{"stream_name":"stdout","time":64.383108547,"data":"Detected embedding output index: 0\n"}
,{"stream_name":"stdout","time":64.383116647,"data":"Detected spatial_embedding output index: None\n"}
,{"stream_name":"stdout","time":160.995964977,"data":"V124 rebuilt train features: meta=(708, 2), scores=(708, 234), emb=(708, 1536)\n"}
,{"stream_name":"stdout","time":286.202791637,"data":"V124 rebuilt Snowflake SED train logits: meta=(708, 2), logits=(708, 234)\n"}
,{"stream_name":"stdout","time":286.234438554,"data":"OOF logits shape: (708, 234)\n"}
,{"stream_name":"stdout","time":286.405095074,"data":"Raw Perch OOF AUC: 0.6812\n"}
,{"stream_name":"stdout","time":286.425917935,"data":"Per-class AUC: mean=0.6812, min=0.0862, max=1.0000\n"}
,{"stream_name":"stdout","time":286.425952969,"data":"Classes with AUC \u003c 0.5: 19\n"}
,{"stream_name":"stdout","time":286.944964066,"data":"Fitted 71 calibrators\n"}
,{"stream_name":"stdout","time":286.945004404,"data":"Calibrated OOF AUC: 0.8020 (delta: +0.1208)\n"}
,{"stream_name":"stdout","time":286.950678919,"data":"Calibrated per-class AUC: mean=0.8020, min=0.2949, max=1.0000\n"}
,{"stream_name":"stdout","time":287.010703006,"data":"Thresholds: mean=0.429, min=0.050, max=0.550\n"}
,{"stream_name":"stdout","time":287.151563796,"data":"No test files - using train soundscapes for dry run\n"}
,{"stream_name":"stdout","time":287.426841265,"data":"Processing 10 files\n"}
,{"stream_name":"stdout","time":309.258531948,"data":"Perch output names: ['embedding', 'spatial_embedding', 'spectrogram', 'label']\n"}
,{"stream_name":"stdout","time":309.258588124,"data":"Detected embedding output index: 0\n"}
,{"stream_name":"stdout","time":309.258596146,"data":"Detected spatial_embedding output index: 1\n"}
,{"stream_name":"stdout","time":309.258601857,"data":"Spatial feature dim: 4608\n"}
,{"stream_name":"stdout","time":309.278852624,"data":"Test embeddings: (120, 1536)\n"}
,{"stream_name":"stdout","time":309.278903523,"data":"Test spatial features: (120, 4608)\n"}
,{"stream_name":"stdout","time":329.536853983,"data":"Snowflake SED test logits: (120, 234)\n"}
,{"stream_name":"stdout","time":330.658542422,"data":"V124 Snowflake SED remap view: shape=(120, 234), range=[0.001869, 0.813643]\n"}
,{"stream_name":"stdout","time":330.658601658,"data":"V124 Snowflake SED remaps accepted: 44/234; strength mean/max=0.1583/0.8800\n"}
,{"stream_name":"stdout","time":330.658609555,"data":"V124 Snowflake SED train AUC ref: mean=0.9213, min=0.6535, active=71\n"}
,{"stream_name":"stdout","time":330.658615221,"data":"V124 remap diagnostics saved: v124_postfinal_tsubasa_remap_diagnostics.csv\n"}
,{"stream_name":"stdout","time":330.658621183,"data":"V124 stored rank-calibrated sidecar for post-final use: range=[0.000463, 0.999997]\n"}
,{"stream_name":"stdout","time":330.658627849,"data":"V124 final layer input: clean Perch surrogate; final layer will run once\n"}
,{"stream_name":"stdout","time":330.860931335,"data":"Perch classwise soft suppression: 0.433, factor=[0.369,0.720]\n"}
,{"stream_name":"stdout","time":330.860971876,"data":"Embedding probe aligned train rows: (708, 1536) unique cache rows 708\n"}
,{"stream_name":"stdout","time":331.060140603,"data":"Embedding probe active: train=(708, 1536), test=(120, 1536), rank std=0.1590067446231842\n"}
,{"stream_name":"stdout","time":332.288120858,"data":"MLP embedding probe active: train=(708, 96), test=(120, 96), n_iter=29, rank std=0.2886650860309601\n"}
,{"stream_name":"stdout","time":367.699387162,"data":"Perch output names: ['embedding', 'spatial_embedding', 'spectrogram', 'label']\n"}
,{"stream_name":"stdout","time":367.699564021,"data":"Detected embedding output index: 0\n"}
,{"stream_name":"stdout","time":367.700443141,"data":"Detected spatial_embedding output index: 1\n"}
,{"stream_name":"stdout","time":368.144997061,"data":"Spatial feature dim: 4608\n"}
,{"stream_name":"stdout","time":462.325745713,"data":"Spatial probe aligned train rows: (708, 4608) unique spatial rows 708\n"}
,{"stream_name":"stdout","time":462.325801317,"data":"Spatial probe active: train=(708, 4608), test=(120, 4608), rank std=0.15956220030784607\n"}
,{"stream_name":"stdout","time":462.325809462,"data":"Dual probe active: embedding=0.64 spatial=0.26 mlp=0.10 combined std=0.14225563406944275\n"}
,{"stream_name":"stdout","time":462.394816647,"data":"V124 EcoProto clean-blend guarded macro-risk rescue counts: {'protect_anchor': 35, 'rare_floor': 176, 'macro_weak': 12, 'macro_mild': 4, 'texture_prior_rescue': 0, 'active_rescue': 16, 'positive_rescue_cells': 2749, 'top_hit_guard_cells': 330, 'ctx_cells': 2}\n"}
,{"stream_name":"stdout","time":462.39485583,"data":"V124 class rescue mix range/mean: [0.000, 0.340] / 0.0190\n"}
,{"stream_name":"stdout","time":462.394862301,"data":"V124 effective rescue mix range/mean: [0.000, 0.340] / 0.0095\n"}
,{"stream_name":"stdout","time":462.394884595,"data":"V124 components: macro mean/std=0.506653/0.230775; v84_like mean/std=0.506686/0.232786; rescue_view mean/std=0.506874/0.242758; dualprobe mean/std=0.506997/0.253222\n"}
,{"stream_name":"stdout","time":462.394889344,"data":"OOF refs: Perch raw=0.681, Perch cal=0.802, SED=0.591, delta=-0.209\n"}
,{"stream_name":"stdout","time":462.394893444,"data":"SED weights sedfirst=0.578, adaptive=0.489, safety=0.480\n"}
,{"stream_name":"stdout","time":462.39489752,"data":"View mix: v124 = self-contained v107-like rank ceiling plus EcoProto rank-launch clean blend\n"}
,{"stream_name":"stdout","time":462.394901737,"data":"Prior strength mean=1.000, applied mean=0.0103, file scale mean=0.999\n"}
,{"stream_name":"stdout","time":462.394906088,"data":"Spike-smoothed score range: [0.011144, 0.999292]\n"}
,{"stream_name":"stdout","time":462.394910115,"data":"Score mean/std: 0.507024/0.232823\n"}
,{"stream_name":"stdout","time":462.394914137,"data":"V124 EcoProto active classes: 67/234; sim range=[-0.0414,0.9523]\n"}
,{"stream_name":"stdout","time":462.394918263,"data":"V124 EcoProto cells: mix=3480, temporal=930, class_gate=29\n"}
,{"stream_name":"stdout","time":462.394922371,"data":"V124 EcoProto mix mean/max: 0.02608/0.34000; temporal mean=0.00431\n"}
,{"stream_name":"stdout","time":462.394926498,"data":"V124 post-EcoProto score range: [0.011144, 0.999292]\n"}
,{"stream_name":"stdout","time":462.39493053,"data":"V124 post-EcoProto score mean/std: 0.510022/0.233074\n"}
,{"stream_name":"stdout","time":462.394934535,"data":"V124 v107-like cells: restore=33, top_guard=374\n"}
,{"stream_name":"stdout","time":462.394938549,"data":"V124 EcoProto rank-launch cells: launch=33, top_guard=376\n"}
,{"stream_name":"stdout","time":462.394942672,"data":"V124 clean blend weights: v107_like=0.40, v109_like=0.60\n"}
,{"stream_name":"stdout","time":462.394946699,"data":"V124 post-cleanblend score range: [0.011144, 0.999470]\n"}
,{"stream_name":"stdout","time":462.39495084,"data":"V124 post-cleanblend score mean/std: 0.521132/0.242345\n"}
,{"stream_name":"stdout","time":462.394954905,"data":"V124 selected sidecar classes: ['47158son13', '47158son15', '47158son16', '47158son21', '47158son22', '47158son23', '516975', 'chacha1', 'grekis', 'plcjay1']\n"}
,{"stream_name":"stdout","time":462.394959357,"data":"V124 post-final rank-margin gate cells: 555 / 28080\n"}
,{"stream_name":"stdout","time":462.394963402,"data":"V124 final layer mode: clean final once plus post-final rank-calibrated sidecar\n"}
,{"stream_name":"stdout","time":462.394967538,"data":"V124 final score range: [0.011144, 0.999470]\n"}
,{"stream_name":"stdout","time":462.394971625,"data":"V124 final score mean/std: 0.522040/0.241452\n"}
,{"stream_name":"stdout","time":462.524523711,"data":"Saved: (120, 235)\n"}
,{"stream_name":"stdout","time":462.524562226,"data":"                                     row_id   1161364    116570   1176823  \\\n"}
,{"stream_name":"stdout","time":462.524567417,"data":"0   BC2026_Train_0001_S08_20250606_030007_5  0.695412  0.641742  0.608992   \n"}
,{"stream_name":"stdout","time":462.52457052,"data":"1  BC2026_Train_0001_S08_20250606_030007_10  0.763076  0.788035  0.309009   \n"}
,{"stream_name":"stdout","time":462.524573327,"data":"2  BC2026_Train_0001_S08_20250606_030007_15  0.760851  0.716123  0.460606   \n"}
,{"stream_name":"stdout","time":462.524576177,"data":"\n"}
,{"stream_name":"stdout","time":462.524579001,"data":"    1491113   1595929    209233     22930     22956     22961  ...   whnjay1  \\\n"}
,{"stream_name":"stdout","time":462.524581894,"data":"0  0.617959  0.363710  0.494095  0.167047  0.764954  0.832114  ...  0.073880   \n"}
,{"stream_name":"stdout","time":462.524596961,"data":"1  0.637635  0.345560  0.531877  0.047741  0.802855  0.617875  ...  0.226398   \n"}
,{"stream_name":"stdout","time":462.52459988,"data":"2  0.922389  0.332773  0.479846  0.060343  0.691470  0.700350  ...  0.323614   \n"}
,{"stream_name":"stdout","time":462.524602577,"data":"\n"}
,{"stream_name":"stdout","time":462.524605175,"data":"     whtdov   whwpic1    y00678    yebcar   yebela1    yecmac    yecpar  \\\n"}
,{"stream_name":"stdout","time":462.524607967,"data":"0  0.429690  0.604003  0.202415  0.568192  0.741776  0.600642  0.259524   \n"}
,{"stream_name":"stdout","time":462.524610709,"data":"1  0.387806  0.884046  0.320471  0.165402  0.501788  0.652284  0.214024   \n"}
,{"stream_name":"stdout","time":462.524613537,"data":"2  0.352083  0.810615  0.305071  0.208769  0.643510  0.674974  0.283948   \n"}
,{"stream_name":"stdout","time":462.52461632,"data":"\n"}
,{"stream_name":"stdout","time":462.524618878,"data":"    yehcar1   yeofly1  \n"}
,{"stream_name":"stdout","time":462.524621516,"data":"0  0.324525  0.710095  \n"}
,{"stream_name":"stdout","time":462.524624103,"data":"1  0.509926  0.589911  \n"}
,{"stream_name":"stdout","time":462.524626748,"data":"2  0.486461  0.278476  \n"}
,{"stream_name":"stdout","time":462.52462937,"data":"\n"}
,{"stream_name":"stdout","time":462.524631955,"data":"[3 rows x 235 columns]\n"}
,{"stream_name":"stderr","time":468.048666771,"data":"/usr/local/lib/python3.12/dist-packages/mistune.py:435: SyntaxWarning: invalid escape sequence '\\|'\n"}
,{"stream_name":"stderr","time":468.048724757,"data":"  cells[i][c] = re.sub('\\\\\\\\\\|', '|', cell)\n"}
,{"stream_name":"stderr","time":468.25549951,"data":"/usr/local/lib/python3.12/dist-packages/nbconvert/filters/filter_links.py:36: SyntaxWarning: invalid escape sequence '\\_'\n"}
,{"stream_name":"stderr","time":468.255531277,"data":"  text = re.sub(r'_', '\\_', text) # Escape underscores in display text\n"}
,{"stream_name":"stderr","time":469.081546885,"data":"[NbConvertApp] Converting notebook __notebook__.ipynb to notebook\n"}
,{"stream_name":"stderr","time":469.492431401,"data":"[NbConvertApp] Writing 163471 bytes to __notebook__.ipynb\n"}
,{"stream_name":"stderr","time":472.605845386,"data":"[NbConvertApp] Converting notebook __notebook__.ipynb to html\n"}
,{"stream_name":"stderr","time":474.017862595,"data":"[NbConvertApp] Writing 692284 bytes to __results__.html\n"}
]