[{"stream_name":"stderr","time":7.781408514,"data":"0.00s - Debugger warning: It seems that frozen modules are being used, which may\n"}
,{"stream_name":"stderr","time":7.781528424,"data":"0.00s - make the debugger miss breakpoints. Please pass -Xfrozen_modules=off\n"}
,{"stream_name":"stderr","time":7.781538847,"data":"0.00s - to python to disable frozen modules.\n"}
,{"stream_name":"stderr","time":7.781543463,"data":"0.00s - Note: Debugging will proceed. Set PYDEVD_DISABLE_FILE_VALIDATION=1 to disable this validation.\n"}
,{"stream_name":"stderr","time":8.539351922,"data":"0.00s - Debugger warning: It seems that frozen modules are being used, which may\n"}
,{"stream_name":"stderr","time":8.539404341000001,"data":"0.00s - make the debugger miss breakpoints. Please pass -Xfrozen_modules=off\n"}
,{"stream_name":"stderr","time":8.539409111,"data":"0.00s - to python to disable frozen modules.\n"}
,{"stream_name":"stderr","time":8.539412149,"data":"0.00s - Note: Debugging will proceed. Set PYDEVD_DISABLE_FILE_VALIDATION=1 to disable this validation.\n"}
,{"stream_name":"stdout","time":17.038230076,"data":"ONNX Runtime: 1.24.4\n"}
,{"stream_name":"stdout","time":17.055564919,"data":"External Perch cache disabled for v107 license-reduced run\n"}
,{"stream_name":"stdout","time":17.104024031,"data":"Classes: 234\n"}
,{"stream_name":"stdout","time":21.594390674,"data":"Using ONNX Perch: /kaggle/input/datasets/rishikeshjani/perch-onnx-for-birdclef-2026/perch_v2.onnx\n"}
,{"stream_name":"stdout","time":21.594429603000002,"data":"Mapped: 203/234\n"}
,{"stream_name":"stdout","time":21.649460216,"data":"Frog proxies: 0\n"}
,{"stream_name":"stdout","time":21.667731825,"data":"V107: Perch train cache will be rebuilt in-notebook after inference helpers are defined\n"}
,{"stream_name":"stdout","time":21.935050944,"data":"Full files: 59, Windows: 708, Active: 71\n"}
,{"stream_name":"stdout","time":22.081012418,"data":"V107 rebuilding Perch train features for 59 files\n"}
,{"stream_name":"stdout","time":62.285446131,"data":"Perch output names: ['embedding', 'spatial_embedding', 'spectrogram', 'label']\n"}
,{"stream_name":"stdout","time":62.285513335,"data":"Detected embedding output index: 0\n"}
,{"stream_name":"stdout","time":62.285525258,"data":"Detected spatial_embedding output index: None\n"}
,{"stream_name":"stdout","time":159.924112122,"data":"V107 rebuilt train features: meta=(708, 2), scores=(708, 234), emb=(708, 1536)\n"}
,{"stream_name":"stdout","time":159.957029863,"data":"OOF logits shape: (708, 234)\n"}
,{"stream_name":"stdout","time":160.125270683,"data":"Raw Perch OOF AUC: 0.6812\n"}
,{"stream_name":"stdout","time":160.150580116,"data":"Per-class AUC: mean=0.6812, min=0.0862, max=1.0000\n"}
,{"stream_name":"stdout","time":160.150621148,"data":"Classes with AUC \u003c 0.5: 19\n"}
,{"stream_name":"stdout","time":160.737090305,"data":"Fitted 71 calibrators\n"}
,{"stream_name":"stdout","time":160.737132469,"data":"Calibrated OOF AUC: 0.8020 (delta: +0.1208)\n"}
,{"stream_name":"stdout","time":160.756610176,"data":"Calibrated per-class AUC: mean=0.8020, min=0.2949, max=1.0000\n"}
,{"stream_name":"stdout","time":160.821838574,"data":"Thresholds: mean=0.429, min=0.050, max=0.550\n"}
,{"stream_name":"stdout","time":160.956744134,"data":"No test files - using train soundscapes for dry run\n"}
,{"stream_name":"stdout","time":161.216520255,"data":"Processing 10 files\n"}
,{"stream_name":"stdout","time":183.323737855,"data":"Perch output names: ['embedding', 'spatial_embedding', 'spectrogram', 'label']\n"}
,{"stream_name":"stdout","time":183.323801459,"data":"Detected embedding output index: 0\n"}
,{"stream_name":"stdout","time":183.323811177,"data":"Detected spatial_embedding output index: 1\n"}
,{"stream_name":"stdout","time":183.323835393,"data":"Spatial feature dim: 4608\n"}
,{"stream_name":"stdout","time":183.323840144,"data":"Test embeddings: (120, 1536)\n"}
,{"stream_name":"stdout","time":183.323846269,"data":"Test spatial features: (120, 4608)\n"}
,{"stream_name":"stdout","time":183.344507119,"data":"V107 Perch-only surrogate view: shape=(120, 234), range=[0.000463, 0.999997]\n"}
,{"stream_name":"stdout","time":183.556230184,"data":"Perch classwise soft suppression: 0.433, factor=[0.369,0.720]\n"}
,{"stream_name":"stdout","time":183.556270781,"data":"Embedding probe aligned train rows: (708, 1536) unique cache rows 708\n"}
,{"stream_name":"stdout","time":183.556275791,"data":"Embedding probe active: train=(708, 1536), test=(120, 1536), rank std=0.1590067446231842\n"}
,{"stream_name":"stdout","time":185.332697242,"data":"MLP embedding probe active: train=(708, 96), test=(120, 96), n_iter=29, rank std=0.2886650860309601\n"}
,{"stream_name":"stdout","time":220.439555689,"data":"Perch output names: ['embedding', 'spatial_embedding', 'spectrogram', 'label']\n"}
,{"stream_name":"stdout","time":220.43960107,"data":"Detected embedding output index: 0\n"}
,{"stream_name":"stdout","time":220.439608965,"data":"Detected spatial_embedding output index: 1\n"}
,{"stream_name":"stdout","time":220.439623689,"data":"Spatial feature dim: 4608\n"}
,{"stream_name":"stdout","time":314.895582993,"data":"Spatial probe aligned train rows: (708, 4608) unique spatial rows 708\n"}
,{"stream_name":"stdout","time":314.895634668,"data":"Spatial probe active: train=(708, 4608), test=(120, 4608), rank std=0.15956220030784607\n"}
,{"stream_name":"stdout","time":314.895642142,"data":"Dual probe active: embedding=0.64 spatial=0.26 mlp=0.10 combined std=0.14225563406944275\n"}
,{"stream_name":"stdout","time":314.916252212,"data":"V107 rank-ceiling Perch-only guarded macro-risk rescue counts: {'protect_anchor': 35, 'rare_floor': 176, 'macro_weak': 12, 'macro_mild': 4, 'texture_prior_rescue': 0, 'active_rescue': 16, 'positive_rescue_cells': 2749, 'top_hit_guard_cells': 330, 'ctx_cells': 2}\n"}
,{"stream_name":"stdout","time":314.916297729,"data":"V107 class rescue mix range/mean: [0.000, 0.340] / 0.0190\n"}
,{"stream_name":"stdout","time":314.916305512,"data":"V107 effective rescue mix range/mean: [0.000, 0.340] / 0.0095\n"}
,{"stream_name":"stdout","time":314.916311381,"data":"V107 components: macro mean/std=0.506653/0.230775; v84_like mean/std=0.506686/0.232786; rescue_view mean/std=0.506874/0.242758; dualprobe mean/std=0.506997/0.253222\n"}
,{"stream_name":"stdout","time":314.91631766,"data":"OOF refs: Perch raw=0.681, Perch cal=0.802, SED=0.591, delta=-0.209\n"}
,{"stream_name":"stdout","time":314.916323861,"data":"SED weights sedfirst=0.578, adaptive=0.489, safety=0.480\n"}
,{"stream_name":"stdout","time":314.916330577,"data":"View mix: v107 = Perch-only guarded rescue plus near-pure rank-ceiling restoration without unknown-license cache/SED dependencies\n"}
,{"stream_name":"stdout","time":314.916336664,"data":"Prior strength mean=1.000, applied mean=0.0103, file scale mean=0.999\n"}
,{"stream_name":"stdout","time":314.916342777,"data":"Spike-smoothed score range: [0.011144, 0.999292]\n"}
,{"stream_name":"stdout","time":314.916348814,"data":"Score mean/std: 0.507024/0.232823\n"}
,{"stream_name":"stdout","time":314.916355125,"data":"V107 rank-ceiling restore cells: restore=33, top_guard=374\n"}
,{"stream_name":"stdout","time":314.916360735,"data":"V107 post-restore score range: [0.011144, 0.999702]\n"}
,{"stream_name":"stdout","time":314.916366408,"data":"V107 post-restore score mean/std: 0.521658/0.244231\n"}
,{"stream_name":"stdout","time":315.049701812,"data":"Saved: (120, 235)\n"}
,{"stream_name":"stdout","time":315.049783983,"data":"                                     row_id   1161364    116570   1176823  \\\n"}
,{"stream_name":"stdout","time":315.049791478,"data":"0   BC2026_Train_0001_S08_20250606_030007_5  0.695412  0.628637  0.608992   \n"}
,{"stream_name":"stdout","time":315.049797059,"data":"1  BC2026_Train_0001_S08_20250606_030007_10  0.763076  0.819039  0.309009   \n"}
,{"stream_name":"stdout","time":315.049802194,"data":"2  BC2026_Train_0001_S08_20250606_030007_15  0.760851  0.708985  0.460606   \n"}
,{"stream_name":"stdout","time":315.049806971,"data":"\n"}
,{"stream_name":"stdout","time":315.049811245,"data":"    1491113   1595929    209233     22930     22956     22961  ...   whnjay1  \\\n"}
,{"stream_name":"stdout","time":315.049816785,"data":"0  0.553123  0.363710  0.494095  0.167047  0.764954  0.820139  ...  0.073880   \n"}
,{"stream_name":"stdout","time":315.049821818,"data":"1  0.522239  0.345560  0.531877  0.047741  0.802855  0.587558  ...  0.226398   \n"}
,{"stream_name":"stdout","time":315.049825991,"data":"2  0.840334  0.332773  0.479846  0.060343  0.691470  0.677530  ...  0.323614   \n"}
,{"stream_name":"stdout","time":315.049830083,"data":"\n"}
,{"stream_name":"stdout","time":315.049833931,"data":"     whtdov   whwpic1    y00678    yebcar   yebela1    yecmac    yecpar  \\\n"}
,{"stream_name":"stdout","time":315.049838089,"data":"0  0.429690  0.604003  0.202415  0.568192  0.741776  0.600642  0.259524   \n"}
,{"stream_name":"stdout","time":315.049842879,"data":"1  0.387806  0.884046  0.320471  0.165402  0.501788  0.652284  0.214024   \n"}
,{"stream_name":"stdout","time":315.049847509,"data":"2  0.352083  0.810615  0.305071  0.208769  0.643510  0.674974  0.283948   \n"}
,{"stream_name":"stdout","time":315.049853567,"data":"\n"}
,{"stream_name":"stdout","time":315.049858148,"data":"    yehcar1   yeofly1  \n"}
,{"stream_name":"stdout","time":315.049861731,"data":"0  0.324525  0.710095  \n"}
,{"stream_name":"stdout","time":315.049865426,"data":"1  0.509926  0.589911  \n"}
,{"stream_name":"stdout","time":315.049869071,"data":"2  0.486461  0.278476  \n"}
,{"stream_name":"stdout","time":315.049872754,"data":"\n"}
,{"stream_name":"stdout","time":315.04987634,"data":"[3 rows x 235 columns]\n"}
,{"stream_name":"stdout","time":315.250551693,"data":"v391 dry-run row mismatch tolerated: v107 fallback rows do not match sample\n"}
,{"stream_name":"stdout","time":315.290838905,"data":"v391 dry-run tolerant static distill patch complete\n"}
,{"stream_name":"stderr","time":320.054055457,"data":"/usr/local/lib/python3.12/dist-packages/mistune.py:435: SyntaxWarning: invalid escape sequence '\\|'\n"}
,{"stream_name":"stderr","time":320.054104813,"data":"  cells[i][c] = re.sub('\\\\\\\\\\|', '|', cell)\n"}
,{"stream_name":"stderr","time":320.254756923,"data":"/usr/local/lib/python3.12/dist-packages/nbconvert/filters/filter_links.py:36: SyntaxWarning: invalid escape sequence '\\_'\n"}
,{"stream_name":"stderr","time":320.254794373,"data":"  text = re.sub(r'_', '\\_', text) # Escape underscores in display text\n"}
,{"stream_name":"stderr","time":321.13454522,"data":"[NbConvertApp] Converting notebook __notebook__.ipynb to notebook\n"}
,{"stream_name":"stderr","time":321.536326936,"data":"[NbConvertApp] Writing 135292 bytes to __notebook__.ipynb\n"}
,{"stream_name":"stderr","time":324.599338769,"data":"[NbConvertApp] Converting notebook __notebook__.ipynb to html\n"}
,{"stream_name":"stderr","time":325.948849287,"data":"[NbConvertApp] Writing 633081 bytes to __results__.html\n"}
]