[{"stream_name":"stderr","time":6.467588652,"data":"0.00s - Debugger warning: It seems that frozen modules are being used, which may\n"}
,{"stream_name":"stderr","time":6.467677842,"data":"0.00s - make the debugger miss breakpoints. Please pass -Xfrozen_modules=off\n"}
,{"stream_name":"stderr","time":6.467682432,"data":"0.00s - to python to disable frozen modules.\n"}
,{"stream_name":"stderr","time":6.4676848719999995,"data":"0.00s - Note: Debugging will proceed. Set PYDEVD_DISABLE_FILE_VALIDATION=1 to disable this validation.\n"}
,{"stream_name":"stderr","time":7.0559457,"data":"0.00s - Debugger warning: It seems that frozen modules are being used, which may\n"}
,{"stream_name":"stderr","time":7.05598485,"data":"0.00s - make the debugger miss breakpoints. Please pass -Xfrozen_modules=off\n"}
,{"stream_name":"stderr","time":7.05598858,"data":"0.00s - to python to disable frozen modules.\n"}
,{"stream_name":"stderr","time":7.0559910200000004,"data":"0.00s - Note: Debugging will proceed. Set PYDEVD_DISABLE_FILE_VALIDATION=1 to disable this validation.\n"}
,{"stream_name":"stderr","time":11.218734076,"data":"2026-05-19 00:10:51.491146: E external/local_xla/xla/stream_executor/cuda/cuda_fft.cc:467] Unable to register cuFFT factory: Attempting to register factory for plugin cuFFT when one has already been registered\n"}
,{"stream_name":"stderr","time":11.219373246,"data":"WARNING: All log messages before absl::InitializeLog() is called are written to STDERR\n"}
,{"stream_name":"stderr","time":11.219391376,"data":"E0000 00:00:1779149451.660187      16 cuda_dnn.cc:8579] Unable to register cuDNN factory: Attempting to register factory for plugin cuDNN when one has already been registered\n"}
,{"stream_name":"stderr","time":11.219395776,"data":"E0000 00:00:1779149451.709803      16 cuda_blas.cc:1407] Unable to register cuBLAS factory: Attempting to register factory for plugin cuBLAS when one has already been registered\n"}
,{"stream_name":"stderr","time":11.219399816,"data":"W0000 00:00:1779149452.141178      16 computation_placer.cc:177] computation placer already registered. Please check linkage and avoid linking the same target more than once.\n"}
,{"stream_name":"stderr","time":11.219403276,"data":"W0000 00:00:1779149452.141215      16 computation_placer.cc:177] computation placer already registered. Please check linkage and avoid linking the same target more than once.\n"}
,{"stream_name":"stderr","time":11.219406536,"data":"W0000 00:00:1779149452.141217      16 computation_placer.cc:177] computation placer already registered. Please check linkage and avoid linking the same target more than once.\n"}
,{"stream_name":"stderr","time":11.219409786,"data":"W0000 00:00:1779149452.141219      16 computation_placer.cc:177] computation placer already registered. Please check linkage and avoid linking the same target more than once.\n"}
,{"stream_name":"stderr","time":11.423165144,"data":"2026-05-19 00:10:51.491146: E external/local_xla/xla/stream_executor/cuda/cuda_fft.cc:467] Unable to register cuFFT factory: Attempting to register factory for plugin cuFFT when one has already been registered\n"}
,{"stream_name":"stderr","time":11.423193644,"data":"WARNING: All log messages before absl::InitializeLog() is called are written to STDERR\n"}
,{"stream_name":"stderr","time":11.423198254,"data":"E0000 00:00:1779149451.660187      16 cuda_dnn.cc:8579] Unable to register cuDNN factory: Attempting to register factory for plugin cuDNN when one has already been registered\n"}
,{"stream_name":"stderr","time":11.423202414,"data":"E0000 00:00:1779149451.709803      16 cuda_blas.cc:1407] Unable to register cuBLAS factory: Attempting to register factory for plugin cuBLAS when one has already been registered\n"}
,{"stream_name":"stderr","time":11.423206404,"data":"W0000 00:00:1779149452.141178      16 computation_placer.cc:177] computation placer already registered. Please check linkage and avoid linking the same target more than once.\n"}
,{"stream_name":"stderr","time":11.423222274,"data":"W0000 00:00:1779149452.141215      16 computation_placer.cc:177] computation placer already registered. Please check linkage and avoid linking the same target more than once.\n"}
,{"stream_name":"stderr","time":11.423226614,"data":"W0000 00:00:1779149452.141217      16 computation_placer.cc:177] computation placer already registered. Please check linkage and avoid linking the same target more than once.\n"}
,{"stream_name":"stderr","time":11.423230444,"data":"W0000 00:00:1779149452.141219      16 computation_placer.cc:177] computation placer already registered. Please check linkage and avoid linking the same target more than once.\n"}
,{"stream_name":"stderr","time":11.423234204,"data":"\n"}
,{"stream_name":"stderr","time":11.423237674,"data":"2026-05-19 00:10:51.491146: E external/local_xla/xla/stream_executor/cuda/cuda_fft.cc:467] Unable to register cuFFT factory: Attempting to register factory for plugin cuFFT when one has already been registered\n"}
,{"stream_name":"stderr","time":11.423241774,"data":"WARNING: All log messages before absl::InitializeLog() is called are written to STDERR\n"}
,{"stream_name":"stderr","time":11.423245474,"data":"E0000 00:00:1779149451.660187      16 cuda_dnn.cc:8579] Unable to register cuDNN factory: Attempting to register factory for plugin cuDNN when one has already been registered\n"}
,{"stream_name":"stderr","time":11.423249034,"data":"E0000 00:00:1779149451.709803      16 cuda_blas.cc:1407] Unable to register cuBLAS factory: Attempting to register factory for plugin cuBLAS when one has already been registered\n"}
,{"stream_name":"stderr","time":11.423255264,"data":"W0000 00:00:1779149452.141178      16 computation_placer.cc:177] computation placer already registered. Please check linkage and avoid linking the same target more than once.\n"}
,{"stream_name":"stderr","time":11.423259114,"data":"W0000 00:00:1779149452.141215      16 computation_placer.cc:177] computation placer already registered. Please check linkage and avoid linking the same target more than once.\n"}
,{"stream_name":"stderr","time":11.423262974,"data":"W0000 00:00:1779149452.141217      16 computation_placer.cc:177] computation placer already registered. Please check linkage and avoid linking the same target more than once.\n"}
,{"stream_name":"stderr","time":11.423266754,"data":"W0000 00:00:1779149452.141219      16 computation_placer.cc:177] computation placer already registered. Please check linkage and avoid linking the same target more than once.\n"}
,{"stream_name":"stdout","time":40.52622581,"data":"ONNX Runtime installed\n"}
,{"stream_name":"stderr","time":88.994762286,"data":"2026-05-19 00:12:09.958581: E external/local_xla/xla/stream_executor/cuda/cuda_platform.cc:51] failed call to cuInit: INTERNAL: CUDA error: Failed call to cuInit: UNKNOWN ERROR (303)\n"}
,{"stream_name":"stdout","time":89.169980337,"data":"TF 2.20 installed\n"}
,{"stream_name":"stdout","time":89.170016077,"data":"ONNX Runtime available\n"}
,{"stream_name":"stdout","time":89.170021577,"data":"Global random seed set to 4\n"}
,{"stream_name":"stdout","time":89.170026006,"data":"MODE = submit\n"}
,{"stream_name":"stdout","time":89.170030277,"data":"CFG loaded\n"}
,{"stream_name":"stdout","time":89.170034617,"data":"Classes: 234 | Fully-labeled files: 59\n"}
,{"stream_name":"stdout","time":89.170038897,"data":"Full-file windows: 708 | Active classes: 71\n"}
,{"stream_name":"stderr","time":89.235067573,"data":"2026-05-19 00:12:09.958581: E external/local_xla/xla/stream_executor/cuda/cuda_platform.cc:51] failed call to cuInit: INTERNAL: CUDA error: Failed call to cuInit: UNKNOWN ERROR (303)\n"}
,{"stream_name":"stderr","time":89.235126443,"data":"\n"}
,{"stream_name":"stderr","time":89.235132023,"data":"2026-05-19 00:12:09.958581: E external/local_xla/xla/stream_executor/cuda/cuda_platform.cc:51] failed call to cuInit: INTERNAL: CUDA error: Failed call to cuInit: UNKNOWN ERROR (303)\n"}
,{"stream_name":"stdout","time":97.673548316,"data":"Using ONNX Perch: perch_v2_no_dft.onnx\n"}
,{"stream_name":"stdout","time":97.673598366,"data":"Mapped: 203 / 234 species have a Perch logit\n"}
,{"stream_name":"stdout","time":97.673605266,"data":"Unmapped: 31 | Proxy: 3 | No signal: 28\n"}
,{"stream_name":"stdout","time":97.673610676,"data":"Perch inference engine defined\n"}
,{"stream_name":"stdout","time":97.673616076,"data":"USE_ONNX = True\n"}
,{"stream_name":"stdout","time":97.673621116,"data":"No cache found — building from scratch\n"}
,{"stream_name":"stdout","time":97.673627396,"data":"Building Perch cache from 59 training files…\n"}
,{"stream_name":"stdout","time":188.213931896,"data":"  Perch pass done in 90.3s  scores=(708, 234) embs=(708, 1536)\n"}
,{"stream_name":"stdout","time":188.213969947,"data":"  Cache saved to /kaggle/working/cache\n"}
,{"stream_name":"stdout","time":188.213974416,"data":"  primary_labels schema OK\n"}
,{"stream_name":"stdout","time":188.213977887,"data":"sc_tr: (708, 234)  emb_tr: (708, 1536)  Y_FULL_aligned: (708, 234)\n"}
,{"stream_name":"stdout","time":188.213981207,"data":"Sequence Models defined\n"}
,{"stream_name":"stdout","time":188.213986316,"data":"No hidden test — dry-run on 20 train files\n"}
,{"stream_name":"stdout","time":218.140430622,"data":"Test scores: (240, 234)\n"}
,{"stream_name":"stdout","time":226.291737044,"data":"ProtoSSM training: 8.2s\n"}
,{"stream_name":"stdout","time":226.515028741,"data":"Embedding: (708, 1536) → PCA: (708, 64)  (variance retained: 81.47%)\n"}
,{"stream_name":"stdout","time":236.330576017,"data":"Trained 58 MLP probes\n"}
,{"stream_name":"stdout","time":236.330630997,"data":"[Tweak A] Per-class ensemble weights: mapped=0.60 unmapped=0.35\n"}
,{"stream_name":"stdout","time":236.728106614,"data":"Calibrated 31 classes | Mean threshold: 0.464 | Range: [0.20, 0.50]\n"}
,{"stream_name":"stdout","time":237.727332677,"data":"ResidualSSM training: 1.0s\n"}
,{"stream_name":"stdout","time":237.727372606,"data":"  correction_weight=0.10  OOF macro-AUC=0.99113\n"}
,{"stream_name":"stdout","time":237.727379017,"data":"  correction_weight=0.15  OOF macro-AUC=0.99113\n"}
,{"stream_name":"stdout","time":237.727384366,"data":"  correction_weight=0.20  OOF macro-AUC=0.99113\n"}
,{"stream_name":"stdout","time":237.727389057,"data":"  correction_weight=0.25  OOF macro-AUC=0.99113\n"}
,{"stream_name":"stdout","time":238.179660751,"data":"  correction_weight=0.30  OOF macro-AUC=0.99113\n"}
,{"stream_name":"stdout","time":238.17969934,"data":"  correction_weight=0.35  OOF macro-AUC=0.99114\n"}
,{"stream_name":"stdout","time":238.179705551,"data":"  correction_weight=0.40  OOF macro-AUC=0.99115\n"}
,{"stream_name":"stdout","time":238.17970886,"data":"[Tweak C] Best correction_weight=0.40  (AUC=0.99115)\n"}
,{"stream_name":"stdout","time":238.17971218,"data":"ProtoSSM execution complete\n"}
,{"stream_name":"stdout","time":238.17971516,"data":"Total wall time so far: 2.5 min\n"}
,{"stream_name":"stdout","time":238.380708189,"data":"Memory freed. Ready for SED cell.\n"}
,{"stream_name":"stdout","time":271.729604623,"data":"SED dir: /kaggle/input/datasets/tuckerarrants/bc2026-distilled-sed-public\n"}
,{"stream_name":"stdout","time":271.729633803,"data":"SED folds loaded: ['sed_fold0.onnx', 'sed_fold1.onnx', 'sed_fold2.onnx', 'sed_fold3.onnx', 'sed_fold4.onnx']\n"}
,{"stream_name":"stdout","time":283.100816379,"data":"SED: 1/20\n"}
,{"stream_name":"stdout","time":311.461138464,"data":"SED: 20/20\n"}
,{"stream_name":"stdout","time":311.461172744,"data":"Distilled SED Processing Complete. Shape: (240, 235)\n"}
,{"stream_name":"stdout","time":346.495908224,"data":"  Found BirdNET model: BirdNET_GLOBAL_6K_V2.4_Model_FP32.tflite\n"}
,{"stream_name":"stderr","time":365.278973682,"data":"INFO: Created TensorFlow Lite XNNPACK delegate for CPU.\n"}
,{"stream_name":"stdout","time":365.280950102,"data":"  Found BirdNET labels: BirdNET_GLOBAL_6K_V2.4_Labels.txt\n"}
,{"stream_name":"stderr","time":365.839581767,"data":"INFO: Created TensorFlow Lite XNNPACK delegate for CPU.\n"}
,{"stream_name":"stderr","time":365.839620916,"data":"\n"}
,{"stream_name":"stderr","time":365.839626727,"data":"INFO: Created TensorFlow Lite XNNPACK delegate for CPU.\n"}
,{"stream_name":"stdout","time":365.849445976,"data":"  BirdNET input:  [     1 144000]\n"}
,{"stream_name":"stdout","time":365.849474336,"data":"  BirdNET output: [   1 6522]\n"}
,{"stream_name":"stdout","time":365.849480926,"data":"  BirdNET→competition: 157 direct + 4 genus-proxy = 161/234 classes\n"}
,{"stream_name":"stdout","time":365.849487126,"data":"BirdNET inference engine defined\n"}
,{"stream_name":"stdout","time":379.87572258,"data":"BirdNET inference: 13.8s  shape=(240, 234)\n"}
,{"stream_name":"stdout","time":379.875760371,"data":"BirdNET saved. Coverage: 64/234 classes\n"}
,{"stream_name":"stdout","time":379.875766991,"data":"Executing 3-way rank blend (50% Proto / 30% SED / 20% BirdNET)...\n"}
,{"stream_name":"stdout","time":379.875772111,"data":"Executing standard 2-way rank blend (60% Proto / 40% SED)...\n"}
,{"stream_name":"stdout","time":379.875777351,"data":"[Tweak G] Per-class blend: 203 mapped cols (50/30/20) | 31 unmapped cols (20/40/40)\n"}
,{"stream_name":"stdout","time":379.875782991,"data":"Sonotype mirroring applied to 10 columns.\n"}
,{"stream_name":"stdout","time":379.87578794,"data":"[E1] Rare low-tail suppression applied to 72 species, cells=11215.\n"}
,{"stream_name":"stdout","time":379.87579278,"data":"Dry-run detected: Aligning rows with sample_submission.csv\n"}
,{"stream_name":"stdout","time":379.8757974,"data":"Blend and post-processing complete. Saved submission.csv shape=(3, 235)\n"}
,{"stream_name":"stdout","time":379.875802291,"data":"Ready for submission!\n"}
,{"stream_name":"stdout","time":379.892122099,"data":"submission.csv passed basic diagnostics.\n"}
,{"stream_name":"stderr","time":384.714394034,"data":"/usr/local/lib/python3.12/dist-packages/mistune.py:435: SyntaxWarning: invalid escape sequence '\\|'\n"}
,{"stream_name":"stderr","time":384.714426554,"data":"  cells[i][c] = re.sub('\\\\\\\\\\|', '|', cell)\n"}
,{"stream_name":"stderr","time":384.850024456,"data":"/usr/local/lib/python3.12/dist-packages/nbconvert/filters/filter_links.py:36: SyntaxWarning: invalid escape sequence '\\_'\n"}
,{"stream_name":"stderr","time":384.850051176,"data":"  text = re.sub(r'_', '\\_', text) # Escape underscores in display text\n"}
,{"stream_name":"stderr","time":385.452312808,"data":"[NbConvertApp] Converting notebook __notebook__.ipynb to notebook\n"}
,{"stream_name":"stderr","time":385.725540551,"data":"[NbConvertApp] Writing 143186 bytes to __notebook__.ipynb\n"}
,{"stream_name":"stderr","time":387.95427404,"data":"[NbConvertApp] Converting notebook __notebook__.ipynb to html\n"}
,{"stream_name":"stderr","time":388.934060018,"data":"[NbConvertApp] Writing 728349 bytes to __results__.html\n"}
]