[{"stream_name":"stderr","time":8.696984837,"data":"0.00s - Debugger warning: It seems that frozen modules are being used, which may\n"}
,{"stream_name":"stderr","time":8.697068736,"data":"0.00s - make the debugger miss breakpoints. Please pass -Xfrozen_modules=off\n"}
,{"stream_name":"stderr","time":8.697073824,"data":"0.00s - to python to disable frozen modules.\n"}
,{"stream_name":"stderr","time":8.697077196,"data":"0.00s - Note: Debugging will proceed. Set PYDEVD_DISABLE_FILE_VALIDATION=1 to disable this validation.\n"}
,{"stream_name":"stderr","time":9.507929681,"data":"0.00s - Debugger warning: It seems that frozen modules are being used, which may\n"}
,{"stream_name":"stderr","time":9.507967797,"data":"0.00s - make the debugger miss breakpoints. Please pass -Xfrozen_modules=off\n"}
,{"stream_name":"stderr","time":9.507972445,"data":"0.00s - to python to disable frozen modules.\n"}
,{"stream_name":"stderr","time":9.507975853,"data":"0.00s - Note: Debugging will proceed. Set PYDEVD_DISABLE_FILE_VALIDATION=1 to disable this validation.\n"}
,{"stream_name":"stdout","time":19.211776544,"data":"ONNX Runtime: 1.24.4\n"}
,{"stream_name":"stdout","time":19.228897653,"data":"External Perch cache disabled for v108 EcoProto license-reduced run\n"}
,{"stream_name":"stdout","time":19.280824858,"data":"Classes: 234\n"}
,{"stream_name":"stdout","time":25.256021176,"data":"Using ONNX Perch: /kaggle/input/datasets/rishikeshjani/perch-onnx-for-birdclef-2026/perch_v2.onnx\n"}
,{"stream_name":"stdout","time":25.256065984,"data":"Mapped: 203/234\n"}
,{"stream_name":"stdout","time":25.305622589,"data":"Frog proxies: 0\n"}
,{"stream_name":"stdout","time":25.323960555,"data":"V108: Perch train cache will be rebuilt in-notebook after inference helpers are defined\n"}
,{"stream_name":"stdout","time":25.605889658,"data":"Full files: 59, Windows: 708, Active: 71\n"}
,{"stream_name":"stdout","time":25.734416306,"data":"V108 rebuilding Perch train features for 59 files\n"}
,{"stream_name":"stdout","time":67.181381592,"data":"Perch output names: ['embedding', 'spatial_embedding', 'spectrogram', 'label']\n"}
,{"stream_name":"stdout","time":67.181427414,"data":"Detected embedding output index: 0\n"}
,{"stream_name":"stdout","time":67.181434367,"data":"Detected spatial_embedding output index: None\n"}
,{"stream_name":"stdout","time":169.820887237,"data":"V108 rebuilt train features: meta=(708, 2), scores=(708, 234), emb=(708, 1536)\n"}
,{"stream_name":"stdout","time":169.851136484,"data":"OOF logits shape: (708, 234)\n"}
,{"stream_name":"stdout","time":170.021359944,"data":"Raw Perch OOF AUC: 0.6812\n"}
,{"stream_name":"stdout","time":170.043844958,"data":"Per-class AUC: mean=0.6812, min=0.0862, max=1.0000\n"}
,{"stream_name":"stdout","time":170.043886082,"data":"Classes with AUC \u003c 0.5: 19\n"}
,{"stream_name":"stdout","time":170.594282014,"data":"Fitted 71 calibrators\n"}
,{"stream_name":"stdout","time":170.594321413,"data":"Calibrated OOF AUC: 0.8020 (delta: +0.1208)\n"}
,{"stream_name":"stdout","time":170.602176756,"data":"Calibrated per-class AUC: mean=0.8020, min=0.2949, max=1.0000\n"}
,{"stream_name":"stdout","time":170.666258462,"data":"Thresholds: mean=0.429, min=0.050, max=0.550\n"}
,{"stream_name":"stdout","time":170.813218429,"data":"No test files - using train soundscapes for dry run\n"}
,{"stream_name":"stdout","time":170.930369532,"data":"Processing 10 files\n"}
,{"stream_name":"stdout","time":194.258004474,"data":"Perch output names: ['embedding', 'spatial_embedding', 'spectrogram', 'label']\n"}
,{"stream_name":"stdout","time":194.258052146,"data":"Detected embedding output index: 0\n"}
,{"stream_name":"stdout","time":194.258059598,"data":"Detected spatial_embedding output index: 1\n"}
,{"stream_name":"stdout","time":194.258079695,"data":"Spatial feature dim: 4608\n"}
,{"stream_name":"stdout","time":194.258084061,"data":"Test embeddings: (120, 1536)\n"}
,{"stream_name":"stdout","time":194.258087159,"data":"Test spatial features: (120, 4608)\n"}
,{"stream_name":"stdout","time":194.281067017,"data":"V108 Perch-only surrogate view: shape=(120, 234), range=[0.000463, 0.999997]\n"}
,{"stream_name":"stdout","time":194.495668926,"data":"Perch classwise soft suppression: 0.433, factor=[0.369,0.720]\n"}
,{"stream_name":"stdout","time":194.495709418,"data":"Embedding probe aligned train rows: (708, 1536) unique cache rows 708\n"}
,{"stream_name":"stdout","time":194.644965169,"data":"Embedding probe active: train=(708, 1536), test=(120, 1536), rank std=0.1590067446231842\n"}
,{"stream_name":"stdout","time":196.23611867,"data":"MLP embedding probe active: train=(708, 96), test=(120, 96), n_iter=29, rank std=0.2886650860309601\n"}
,{"stream_name":"stdout","time":233.634636797,"data":"Perch output names: ['embedding', 'spatial_embedding', 'spectrogram', 'label']\n"}
,{"stream_name":"stdout","time":233.634683586,"data":"Detected embedding output index: 0\n"}
,{"stream_name":"stdout","time":233.634690371,"data":"Detected spatial_embedding output index: 1\n"}
,{"stream_name":"stdout","time":233.634696632,"data":"Spatial feature dim: 4608\n"}
,{"stream_name":"stdout","time":334.074175417,"data":"Spatial probe aligned train rows: (708, 4608) unique spatial rows 708\n"}
,{"stream_name":"stdout","time":334.074224427,"data":"Spatial probe active: train=(708, 4608), test=(120, 4608), rank std=0.15956220030784607\n"}
,{"stream_name":"stdout","time":334.074231412,"data":"Dual probe active: embedding=0.64 spatial=0.26 mlp=0.10 combined std=0.14225563406944275\n"}
,{"stream_name":"stdout","time":334.152698512,"data":"V108 EcoProto Perch-only guarded macro-risk rescue counts: {'protect_anchor': 35, 'rare_floor': 176, 'macro_weak': 12, 'macro_mild': 4, 'texture_prior_rescue': 0, 'active_rescue': 16, 'positive_rescue_cells': 2749, 'top_hit_guard_cells': 330, 'ctx_cells': 2}\n"}
,{"stream_name":"stdout","time":334.152751559,"data":"V108 class rescue mix range/mean: [0.000, 0.340] / 0.0190\n"}
,{"stream_name":"stdout","time":334.152758559,"data":"V108 effective rescue mix range/mean: [0.000, 0.340] / 0.0095\n"}
,{"stream_name":"stdout","time":334.152764919,"data":"V108 components: macro mean/std=0.506653/0.230775; v84_like mean/std=0.506686/0.232786; rescue_view mean/std=0.506874/0.242758; dualprobe mean/std=0.506997/0.253222\n"}
,{"stream_name":"stdout","time":334.152771177,"data":"OOF refs: Perch raw=0.681, Perch cal=0.802, SED=0.591, delta=-0.209\n"}
,{"stream_name":"stdout","time":334.15277712,"data":"SED weights sedfirst=0.578, adaptive=0.489, safety=0.480\n"}
,{"stream_name":"stdout","time":334.152783019,"data":"View mix: v108 = Perch-only guarded rescue plus original EcoProto prototype/site-hour/temporal rescue without unknown-license cache/SED dependencies\n"}
,{"stream_name":"stdout","time":334.152789455,"data":"Prior strength mean=1.000, applied mean=0.0103, file scale mean=0.999\n"}
,{"stream_name":"stdout","time":334.152795234,"data":"Spike-smoothed score range: [0.011144, 0.999292]\n"}
,{"stream_name":"stdout","time":334.152801124,"data":"Score mean/std: 0.507024/0.232823\n"}
,{"stream_name":"stdout","time":334.152806872,"data":"V108 EcoProto active classes: 67/234; sim range=[-0.0414,0.9523]\n"}
,{"stream_name":"stdout","time":334.152812676,"data":"V108 EcoProto cells: mix=3480, temporal=930, class_gate=29\n"}
,{"stream_name":"stdout","time":334.152818738,"data":"V108 EcoProto mix mean/max: 0.02608/0.34000; temporal mean=0.00431\n"}
,{"stream_name":"stdout","time":334.152850526,"data":"V108 post-EcoProto score range: [0.011144, 0.999292]\n"}
,{"stream_name":"stdout","time":334.15285576,"data":"V108 post-EcoProto score mean/std: 0.510022/0.233074\n"}
,{"stream_name":"stdout","time":334.297927461,"data":"Saved: (120, 235)\n"}
,{"stream_name":"stdout","time":334.297970081,"data":"                                     row_id   1161364    116570   1176823  \\\n"}
,{"stream_name":"stdout","time":334.297976227,"data":"0   BC2026_Train_0001_S08_20250606_030007_5  0.695412  0.555618  0.608992   \n"}
,{"stream_name":"stdout","time":334.297980463,"data":"1  BC2026_Train_0001_S08_20250606_030007_10  0.763076  0.666993  0.309009   \n"}
,{"stream_name":"stdout","time":334.297984721,"data":"2  BC2026_Train_0001_S08_20250606_030007_15  0.760851  0.605668  0.460606   \n"}
,{"stream_name":"stdout","time":334.297989693,"data":"\n"}
,{"stream_name":"stdout","time":334.297994118,"data":"    1491113   1595929    209233     22930     22956     22961  ...   whnjay1  \\\n"}
,{"stream_name":"stdout","time":334.297998794,"data":"0  0.558025  0.363710  0.494095  0.167047  0.764954  0.751244  ...  0.073880   \n"}
,{"stream_name":"stdout","time":334.298003466,"data":"1  0.576965  0.345560  0.531877  0.047741  0.802855  0.593468  ...  0.226398   \n"}
,{"stream_name":"stdout","time":334.298007689,"data":"2  0.730526  0.332773  0.479846  0.060343  0.691470  0.647369  ...  0.323614   \n"}
,{"stream_name":"stdout","time":334.298012023,"data":"\n"}
,{"stream_name":"stdout","time":334.298016321,"data":"     whtdov   whwpic1    y00678    yebcar   yebela1    yecmac    yecpar  \\\n"}
,{"stream_name":"stdout","time":334.298020796,"data":"0  0.429690  0.604003  0.202415  0.568192  0.741776  0.600642  0.259524   \n"}
,{"stream_name":"stdout","time":334.298025841,"data":"1  0.387806  0.884046  0.320471  0.165402  0.501788  0.652284  0.214024   \n"}
,{"stream_name":"stdout","time":334.298030096,"data":"2  0.352083  0.810615  0.305071  0.208769  0.643510  0.674974  0.283948   \n"}
,{"stream_name":"stdout","time":334.298034631,"data":"\n"}
,{"stream_name":"stdout","time":334.298038813,"data":"    yehcar1   yeofly1  \n"}
,{"stream_name":"stdout","time":334.298043598,"data":"0  0.324525  0.710095  \n"}
,{"stream_name":"stdout","time":334.298047665,"data":"1  0.509926  0.589911  \n"}
,{"stream_name":"stdout","time":334.298051761,"data":"2  0.486461  0.278476  \n"}
,{"stream_name":"stdout","time":334.298055743,"data":"\n"}
,{"stream_name":"stdout","time":334.298060263,"data":"[3 rows x 235 columns]\n"}
,{"stream_name":"stderr","time":339.130542386,"data":"/usr/local/lib/python3.12/dist-packages/mistune.py:435: SyntaxWarning: invalid escape sequence '\\|'\n"}
,{"stream_name":"stderr","time":339.130606323,"data":"  cells[i][c] = re.sub('\\\\\\\\\\|', '|', cell)\n"}
,{"stream_name":"stderr","time":339.351502952,"data":"/usr/local/lib/python3.12/dist-packages/nbconvert/filters/filter_links.py:36: SyntaxWarning: invalid escape sequence '\\_'\n"}
,{"stream_name":"stderr","time":339.351536944,"data":"  text = re.sub(r'_', '\\_', text) # Escape underscores in display text\n"}
,{"stream_name":"stderr","time":340.17743842,"data":"[NbConvertApp] Converting notebook __notebook__.ipynb to notebook\n"}
,{"stream_name":"stderr","time":340.617938467,"data":"[NbConvertApp] Writing 120157 bytes to __notebook__.ipynb\n"}
,{"stream_name":"stderr","time":343.837134712,"data":"[NbConvertApp] Converting notebook __notebook__.ipynb to html\n"}
,{"stream_name":"stderr","time":345.203380447,"data":"[NbConvertApp] Writing 592116 bytes to __results__.html\n"}
]