[{"stream_name":"stderr","time":8.992278326,"data":"0.00s - Debugger warning: It seems that frozen modules are being used, which may\n"}
,{"stream_name":"stderr","time":8.992352822,"data":"0.00s - make the debugger miss breakpoints. Please pass -Xfrozen_modules=off\n"}
,{"stream_name":"stderr","time":8.992360281,"data":"0.00s - to python to disable frozen modules.\n"}
,{"stream_name":"stderr","time":8.992365111,"data":"0.00s - Note: Debugging will proceed. Set PYDEVD_DISABLE_FILE_VALIDATION=1 to disable this validation.\n"}
,{"stream_name":"stderr","time":9.929259936,"data":"0.00s - Debugger warning: It seems that frozen modules are being used, which may\n"}
,{"stream_name":"stderr","time":9.929333678999999,"data":"0.00s - make the debugger miss breakpoints. Please pass -Xfrozen_modules=off\n"}
,{"stream_name":"stderr","time":9.929341216,"data":"0.00s - to python to disable frozen modules.\n"}
,{"stream_name":"stderr","time":9.929346338,"data":"0.00s - Note: Debugging will proceed. Set PYDEVD_DISABLE_FILE_VALIDATION=1 to disable this validation.\n"}
,{"stream_name":"stdout","time":20.385862539,"data":"ONNX Runtime: 1.24.4\n"}
,{"stream_name":"stdout","time":20.405137702,"data":"External Perch cache disabled for v104 license-reduced run\n"}
,{"stream_name":"stdout","time":20.473932772,"data":"Classes: 234\n"}
,{"stream_name":"stdout","time":28.318419583,"data":"Using ONNX Perch: /kaggle/input/datasets/rishikeshjani/perch-onnx-for-birdclef-2026/perch_v2.onnx\n"}
,{"stream_name":"stdout","time":28.318467863,"data":"Mapped: 203/234\n"}
,{"stream_name":"stdout","time":28.360904254,"data":"Frog proxies: 0\n"}
,{"stream_name":"stdout","time":28.379679658,"data":"V104: Perch train cache will be rebuilt in-notebook after inference helpers are defined\n"}
,{"stream_name":"stdout","time":28.677481624,"data":"Full files: 59, Windows: 708, Active: 71\n"}
,{"stream_name":"stdout","time":28.81869846,"data":"V104 rebuilding Perch train features for 59 files\n"}
,{"stream_name":"stdout","time":71.945261951,"data":"Perch output names: ['embedding', 'spatial_embedding', 'spectrogram', 'label']\n"}
,{"stream_name":"stdout","time":71.945309381,"data":"Detected embedding output index: 0\n"}
,{"stream_name":"stdout","time":71.945317281,"data":"Detected spatial_embedding output index: None\n"}
,{"stream_name":"stdout","time":177.950245736,"data":"V104 rebuilt train features: meta=(708, 2), scores=(708, 234), emb=(708, 1536)\n"}
,{"stream_name":"stdout","time":177.98269474,"data":"OOF logits shape: (708, 234)\n"}
,{"stream_name":"stdout","time":178.152358591,"data":"Raw Perch OOF AUC: 0.6812\n"}
,{"stream_name":"stdout","time":178.17669642,"data":"Per-class AUC: mean=0.6812, min=0.0862, max=1.0000\n"}
,{"stream_name":"stdout","time":178.176746917,"data":"Classes with AUC \u003c 0.5: 19\n"}
,{"stream_name":"stdout","time":178.745714643,"data":"Fitted 71 calibrators\n"}
,{"stream_name":"stdout","time":178.745756498,"data":"Calibrated OOF AUC: 0.8020 (delta: +0.1208)\n"}
,{"stream_name":"stdout","time":178.760327417,"data":"Calibrated per-class AUC: mean=0.8020, min=0.2949, max=1.0000\n"}
,{"stream_name":"stdout","time":178.824455551,"data":"Thresholds: mean=0.429, min=0.050, max=0.550\n"}
,{"stream_name":"stdout","time":178.960454449,"data":"No test files - using train soundscapes for dry run\n"}
,{"stream_name":"stdout","time":179.264098045,"data":"Processing 10 files\n"}
,{"stream_name":"stdout","time":203.358572861,"data":"Perch output names: ['embedding', 'spatial_embedding', 'spectrogram', 'label']\n"}
,{"stream_name":"stdout","time":203.358642019,"data":"Detected embedding output index: 0\n"}
,{"stream_name":"stdout","time":203.358651406,"data":"Detected spatial_embedding output index: 1\n"}
,{"stream_name":"stdout","time":203.358676995,"data":"Spatial feature dim: 4608\n"}
,{"stream_name":"stdout","time":203.358682167,"data":"Test embeddings: (120, 1536)\n"}
,{"stream_name":"stdout","time":203.358686408,"data":"Test spatial features: (120, 4608)\n"}
,{"stream_name":"stdout","time":203.381052758,"data":"V104 Perch-only surrogate view: shape=(120, 234), range=[0.000463, 0.999997]\n"}
,{"stream_name":"stdout","time":203.593200952,"data":"Perch classwise soft suppression: 0.433, factor=[0.369,0.720]\n"}
,{"stream_name":"stdout","time":203.593239466,"data":"Embedding probe aligned train rows: (708, 1536) unique cache rows 708\n"}
,{"stream_name":"stdout","time":203.761135412,"data":"Embedding probe active: train=(708, 1536), test=(120, 1536), rank std=0.1590067446231842\n"}
,{"stream_name":"stdout","time":205.093590435,"data":"MLP embedding probe active: train=(708, 96), test=(120, 96), n_iter=29, rank std=0.2886650860309601\n"}
,{"stream_name":"stdout","time":243.389769703,"data":"Perch output names: ['embedding', 'spatial_embedding', 'spectrogram', 'label']\n"}
,{"stream_name":"stdout","time":243.389816188,"data":"Detected embedding output index: 0\n"}
,{"stream_name":"stdout","time":243.389823266,"data":"Detected spatial_embedding output index: 1\n"}
,{"stream_name":"stdout","time":243.38982959,"data":"Spatial feature dim: 4608\n"}
,{"stream_name":"stdout","time":346.874333853,"data":"Spatial probe aligned train rows: (708, 4608) unique spatial rows 708\n"}
,{"stream_name":"stdout","time":346.874515639,"data":"Spatial probe active: train=(708, 4608), test=(120, 4608), rank std=0.15956220030784607\n"}
,{"stream_name":"stdout","time":346.874523166,"data":"Dual probe active: embedding=0.64 spatial=0.26 mlp=0.10 combined std=0.14225563406944275\n"}
,{"stream_name":"stdout","time":346.936649809,"data":"V104 Perch-only guarded macro-risk rescue counts: {'protect_anchor': 35, 'rare_floor': 176, 'macro_weak': 12, 'macro_mild': 4, 'texture_prior_rescue': 0, 'active_rescue': 16, 'positive_rescue_cells': 2749, 'top_hit_guard_cells': 330, 'ctx_cells': 2}\n"}
,{"stream_name":"stdout","time":346.936689888,"data":"V104 class rescue mix range/mean: [0.000, 0.340] / 0.0190\n"}
,{"stream_name":"stdout","time":346.936695078,"data":"V104 effective rescue mix range/mean: [0.000, 0.340] / 0.0095\n"}
,{"stream_name":"stdout","time":346.936701099,"data":"V104 components: macro mean/std=0.506653/0.230775; v84_like mean/std=0.506686/0.232786; rescue_view mean/std=0.506874/0.242758; dualprobe mean/std=0.506997/0.253222\n"}
,{"stream_name":"stdout","time":346.936707526,"data":"OOF refs: Perch raw=0.681, Perch cal=0.802, SED=0.591, delta=-0.209\n"}
,{"stream_name":"stdout","time":346.936713405,"data":"SED weights sedfirst=0.578, adaptive=0.489, safety=0.480\n"}
,{"stream_name":"stdout","time":346.936719255,"data":"View mix: v104 = Perch-only original guarded macro-risk rescue without unknown-license cache/SED dependencies\n"}
,{"stream_name":"stdout","time":346.936725046,"data":"Prior strength mean=1.000, applied mean=0.0103, file scale mean=0.999\n"}
,{"stream_name":"stdout","time":346.936730929,"data":"Spike-smoothed score range: [0.011144, 0.999292]\n"}
,{"stream_name":"stdout","time":346.936736779,"data":"Score mean/std: 0.507024/0.232823\n"}
,{"stream_name":"stdout","time":347.063147487,"data":"Saved: (120, 235)\n"}
,{"stream_name":"stdout","time":347.063189743,"data":"                                     row_id   1161364    116570   1176823  \\\n"}
,{"stream_name":"stdout","time":347.063198199,"data":"0   BC2026_Train_0001_S08_20250606_030007_5  0.695412  0.516515  0.608992   \n"}
,{"stream_name":"stdout","time":347.063204385,"data":"1  BC2026_Train_0001_S08_20250606_030007_10  0.763076  0.647793  0.309009   \n"}
,{"stream_name":"stdout","time":347.063231813,"data":"2  BC2026_Train_0001_S08_20250606_030007_15  0.760851  0.565579  0.460606   \n"}
,{"stream_name":"stdout","time":347.063237198,"data":"\n"}
,{"stream_name":"stdout","time":347.06324163,"data":"    1491113   1595929    209233     22930     22956     22961  ...   whnjay1  \\\n"}
,{"stream_name":"stdout","time":347.063246258,"data":"0  0.454287  0.363710  0.494095  0.167047  0.764954  0.699138  ...  0.073880   \n"}
,{"stream_name":"stdout","time":347.063251165,"data":"1  0.442935  0.345560  0.531877  0.047741  0.802855  0.477969  ...  0.226398   \n"}
,{"stream_name":"stdout","time":347.063344385,"data":"2  0.616951  0.332773  0.479846  0.060343  0.691470  0.536619  ...  0.323614   \n"}
,{"stream_name":"stdout","time":347.063349687,"data":"\n"}
,{"stream_name":"stdout","time":347.063353661,"data":"     whtdov   whwpic1    y00678    yebcar   yebela1    yecmac    yecpar  \\\n"}
,{"stream_name":"stdout","time":347.06335833,"data":"0  0.429690  0.604003  0.202415  0.568192  0.741776  0.600642  0.259524   \n"}
,{"stream_name":"stdout","time":347.063362867,"data":"1  0.387806  0.884046  0.320471  0.165402  0.501788  0.652284  0.214024   \n"}
,{"stream_name":"stdout","time":347.063367557,"data":"2  0.352083  0.810615  0.305071  0.208769  0.643510  0.674974  0.283948   \n"}
,{"stream_name":"stdout","time":347.063372087,"data":"\n"}
,{"stream_name":"stdout","time":347.063376898,"data":"    yehcar1   yeofly1  \n"}
,{"stream_name":"stdout","time":347.063381085,"data":"0  0.324525  0.710095  \n"}
,{"stream_name":"stdout","time":347.063385245,"data":"1  0.509926  0.589911  \n"}
,{"stream_name":"stdout","time":347.063389683,"data":"2  0.486461  0.278476  \n"}
,{"stream_name":"stdout","time":347.063393506,"data":"\n"}
,{"stream_name":"stdout","time":347.063397513,"data":"[3 rows x 235 columns]\n"}
,{"stream_name":"stderr","time":351.775982514,"data":"/usr/local/lib/python3.12/dist-packages/mistune.py:435: SyntaxWarning: invalid escape sequence '\\|'\n"}
,{"stream_name":"stderr","time":351.776023807,"data":"  cells[i][c] = re.sub('\\\\\\\\\\|', '|', cell)\n"}
,{"stream_name":"stderr","time":352.010376625,"data":"/usr/local/lib/python3.12/dist-packages/nbconvert/filters/filter_links.py:36: SyntaxWarning: invalid escape sequence '\\_'\n"}
,{"stream_name":"stderr","time":352.010436745,"data":"  text = re.sub(r'_', '\\_', text) # Escape underscores in display text\n"}
,{"stream_name":"stderr","time":352.8527481,"data":"[NbConvertApp] Converting notebook __notebook__.ipynb to notebook\n"}
,{"stream_name":"stderr","time":353.306185437,"data":"[NbConvertApp] Writing 114806 bytes to __notebook__.ipynb\n"}
,{"stream_name":"stderr","time":356.652216266,"data":"[NbConvertApp] Converting notebook __notebook__.ipynb to html\n"}
,{"stream_name":"stderr","time":358.066795815,"data":"[NbConvertApp] Writing 566582 bytes to __results__.html\n"}
]