[{"stream_name":"stderr","time":8.980451583,"data":"0.00s - Debugger warning: It seems that frozen modules are being used, which may\n"}
,{"stream_name":"stderr","time":8.980518126,"data":"0.00s - make the debugger miss breakpoints. Please pass -Xfrozen_modules=off\n"}
,{"stream_name":"stderr","time":8.980525039,"data":"0.00s - to python to disable frozen modules.\n"}
,{"stream_name":"stderr","time":8.980529727,"data":"0.00s - Note: Debugging will proceed. Set PYDEVD_DISABLE_FILE_VALIDATION=1 to disable this validation.\n"}
,{"stream_name":"stderr","time":9.834744406,"data":"0.00s - Debugger warning: It seems that frozen modules are being used, which may\n"}
,{"stream_name":"stderr","time":9.834785316,"data":"0.00s - make the debugger miss breakpoints. Please pass -Xfrozen_modules=off\n"}
,{"stream_name":"stderr","time":9.83479118,"data":"0.00s - to python to disable frozen modules.\n"}
,{"stream_name":"stderr","time":9.834795953,"data":"0.00s - Note: Debugging will proceed. Set PYDEVD_DISABLE_FILE_VALIDATION=1 to disable this validation.\n"}
,{"stream_name":"stdout","time":19.773781791,"data":"ONNX Runtime: 1.24.4\n"}
,{"stream_name":"stdout","time":19.79323751,"data":"External Perch cache disabled for v109 EcoProto-ranklaunch license-reduced run\n"}
,{"stream_name":"stdout","time":19.855722548,"data":"Classes: 234\n"}
,{"stream_name":"stdout","time":25.000091236,"data":"Using ONNX Perch: /kaggle/input/datasets/rishikeshjani/perch-onnx-for-birdclef-2026/perch_v2.onnx\n"}
,{"stream_name":"stdout","time":25.000131033,"data":"Mapped: 203/234\n"}
,{"stream_name":"stdout","time":25.046917148,"data":"Frog proxies: 0\n"}
,{"stream_name":"stdout","time":25.073573233,"data":"V109: Perch train cache will be rebuilt in-notebook after inference helpers are defined\n"}
,{"stream_name":"stdout","time":25.364242622,"data":"Full files: 59, Windows: 708, Active: 71\n"}
,{"stream_name":"stdout","time":25.523229531,"data":"V109 rebuilding Perch train features for 59 files\n"}
,{"stream_name":"stdout","time":68.240377927,"data":"Perch output names: ['embedding', 'spatial_embedding', 'spectrogram', 'label']\n"}
,{"stream_name":"stdout","time":68.240430926,"data":"Detected embedding output index: 0\n"}
,{"stream_name":"stdout","time":68.240438108,"data":"Detected spatial_embedding output index: None\n"}
,{"stream_name":"stdout","time":173.144456265,"data":"V109 rebuilt train features: meta=(708, 2), scores=(708, 234), emb=(708, 1536)\n"}
,{"stream_name":"stdout","time":173.175402745,"data":"OOF logits shape: (708, 234)\n"}
,{"stream_name":"stdout","time":173.343236399,"data":"Raw Perch OOF AUC: 0.6812\n"}
,{"stream_name":"stdout","time":173.37475413,"data":"Per-class AUC: mean=0.6812, min=0.0862, max=1.0000\n"}
,{"stream_name":"stdout","time":173.374792336,"data":"Classes with AUC \u003c 0.5: 19\n"}
,{"stream_name":"stdout","time":173.951948106,"data":"Fitted 71 calibrators\n"}
,{"stream_name":"stdout","time":173.951987559,"data":"Calibrated OOF AUC: 0.8020 (delta: +0.1208)\n"}
,{"stream_name":"stdout","time":173.968940709,"data":"Calibrated per-class AUC: mean=0.8020, min=0.2949, max=1.0000\n"}
,{"stream_name":"stdout","time":174.036220818,"data":"Thresholds: mean=0.429, min=0.050, max=0.550\n"}
,{"stream_name":"stdout","time":174.16979652,"data":"No test files - using train soundscapes for dry run\n"}
,{"stream_name":"stdout","time":174.445455724,"data":"Processing 10 files\n"}
,{"stream_name":"stdout","time":198.120775805,"data":"Perch output names: ['embedding', 'spatial_embedding', 'spectrogram', 'label']\n"}
,{"stream_name":"stdout","time":198.120823661,"data":"Detected embedding output index: 0\n"}
,{"stream_name":"stdout","time":198.120831112,"data":"Detected spatial_embedding output index: 1\n"}
,{"stream_name":"stdout","time":198.120857381,"data":"Spatial feature dim: 4608\n"}
,{"stream_name":"stdout","time":198.120862337,"data":"Test embeddings: (120, 1536)\n"}
,{"stream_name":"stdout","time":198.120866277,"data":"Test spatial features: (120, 4608)\n"}
,{"stream_name":"stdout","time":198.14529151,"data":"V109 Perch-only surrogate view: shape=(120, 234), range=[0.000463, 0.999997]\n"}
,{"stream_name":"stdout","time":198.358816248,"data":"Perch classwise soft suppression: 0.433, factor=[0.369,0.720]\n"}
,{"stream_name":"stdout","time":198.358857933,"data":"Embedding probe aligned train rows: (708, 1536) unique cache rows 708\n"}
,{"stream_name":"stdout","time":198.542320077,"data":"Embedding probe active: train=(708, 1536), test=(120, 1536), rank std=0.1590067446231842\n"}
,{"stream_name":"stdout","time":200.090345015,"data":"MLP embedding probe active: train=(708, 96), test=(120, 96), n_iter=29, rank std=0.2886650860309601\n"}
,{"stream_name":"stdout","time":238.068761323,"data":"Perch output names: ['embedding', 'spatial_embedding', 'spectrogram', 'label']\n"}
,{"stream_name":"stdout","time":238.068807663,"data":"Detected embedding output index: 0\n"}
,{"stream_name":"stdout","time":238.068814879,"data":"Detected spatial_embedding output index: 1\n"}
,{"stream_name":"stdout","time":238.068820903,"data":"Spatial feature dim: 4608\n"}
,{"stream_name":"stdout","time":340.346418118,"data":"Spatial probe aligned train rows: (708, 4608) unique spatial rows 708\n"}
,{"stream_name":"stdout","time":340.346533586,"data":"Spatial probe active: train=(708, 4608), test=(120, 4608), rank std=0.15956220030784607\n"}
,{"stream_name":"stdout","time":340.346544449,"data":"Dual probe active: embedding=0.64 spatial=0.26 mlp=0.10 combined std=0.14225563406944275\n"}
,{"stream_name":"stdout","time":340.443798971,"data":"V109 EcoProto rank-launch guarded macro-risk rescue counts: {'protect_anchor': 35, 'rare_floor': 176, 'macro_weak': 12, 'macro_mild': 4, 'texture_prior_rescue': 0, 'active_rescue': 16, 'positive_rescue_cells': 2749, 'top_hit_guard_cells': 330, 'ctx_cells': 2}\n"}
,{"stream_name":"stdout","time":340.443837693,"data":"V109 class rescue mix range/mean: [0.000, 0.340] / 0.0190\n"}
,{"stream_name":"stdout","time":340.443844258,"data":"V109 effective rescue mix range/mean: [0.000, 0.340] / 0.0095\n"}
,{"stream_name":"stdout","time":340.443850317,"data":"V109 components: macro mean/std=0.506653/0.230775; v84_like mean/std=0.506686/0.232786; rescue_view mean/std=0.506874/0.242758; dualprobe mean/std=0.506997/0.253222\n"}
,{"stream_name":"stdout","time":340.443856784,"data":"OOF refs: Perch raw=0.681, Perch cal=0.802, SED=0.591, delta=-0.209\n"}
,{"stream_name":"stdout","time":340.443862561,"data":"SED weights sedfirst=0.578, adaptive=0.489, safety=0.480\n"}
,{"stream_name":"stdout","time":340.443868148,"data":"View mix: v109 = Perch-only guarded rescue plus EcoProto-guided rank launch without unknown-license cache/SED dependencies\n"}
,{"stream_name":"stdout","time":340.443874323,"data":"Prior strength mean=1.000, applied mean=0.0103, file scale mean=0.999\n"}
,{"stream_name":"stdout","time":340.443880204,"data":"Spike-smoothed score range: [0.011144, 0.999292]\n"}
,{"stream_name":"stdout","time":340.443885927,"data":"Score mean/std: 0.507024/0.232823\n"}
,{"stream_name":"stdout","time":340.443891664,"data":"V109 EcoProto active classes: 67/234; sim range=[-0.0414,0.9523]\n"}
,{"stream_name":"stdout","time":340.443897431,"data":"V109 EcoProto cells: mix=3480, temporal=930, class_gate=29\n"}
,{"stream_name":"stdout","time":340.443903201,"data":"V109 EcoProto mix mean/max: 0.02608/0.34000; temporal mean=0.00431\n"}
,{"stream_name":"stdout","time":340.443928666,"data":"V109 post-EcoProto score range: [0.011144, 0.999292]\n"}
,{"stream_name":"stdout","time":340.443933311,"data":"V109 post-EcoProto score mean/std: 0.510022/0.233074\n"}
,{"stream_name":"stdout","time":340.443937846,"data":"V109 EcoProto rank-launch cells: launch=33, top_guard=376\n"}
,{"stream_name":"stdout","time":340.443942864,"data":"V109 post-ranklaunch score range: [0.011144, 0.999315]\n"}
,{"stream_name":"stdout","time":340.443947461,"data":"V109 post-ranklaunch score mean/std: 0.520782/0.242794\n"}
,{"stream_name":"stdout","time":340.58829309,"data":"Saved: (120, 235)\n"}
,{"stream_name":"stdout","time":340.588332119,"data":"                                     row_id   1161364    116570   1176823  \\\n"}
,{"stream_name":"stdout","time":340.588336467,"data":"0   BC2026_Train_0001_S08_20250606_030007_5  0.695412  0.650479  0.608992   \n"}
,{"stream_name":"stdout","time":340.588340076,"data":"1  BC2026_Train_0001_S08_20250606_030007_10  0.763076  0.767365  0.309009   \n"}
,{"stream_name":"stdout","time":340.588343246,"data":"2  BC2026_Train_0001_S08_20250606_030007_15  0.760851  0.720881  0.460606   \n"}
,{"stream_name":"stdout","time":340.588346562,"data":"\n"}
,{"stream_name":"stdout","time":340.588349647,"data":"    1491113   1595929    209233     22930     22956     22961  ...   whnjay1  \\\n"}
,{"stream_name":"stdout","time":340.588352836,"data":"0  0.661183  0.363710  0.494095  0.167047  0.764954  0.840098  ...  0.073880   \n"}
,{"stream_name":"stdout","time":340.588355926,"data":"1  0.714566  0.345560  0.531877  0.047741  0.802855  0.638086  ...  0.226398   \n"}
,{"stream_name":"stdout","time":340.588359053,"data":"2  0.977093  0.332773  0.479846  0.060343  0.691470  0.715563  ...  0.323614   \n"}
,{"stream_name":"stdout","time":340.588362039,"data":"\n"}
,{"stream_name":"stdout","time":340.58836502,"data":"     whtdov   whwpic1    y00678    yebcar   yebela1    yecmac    yecpar  \\\n"}
,{"stream_name":"stdout","time":340.588368096,"data":"0  0.429690  0.604003  0.202415  0.568192  0.741776  0.600642  0.259524   \n"}
,{"stream_name":"stdout","time":340.588371296,"data":"1  0.387806  0.884046  0.320471  0.165402  0.501788  0.652284  0.214024   \n"}
,{"stream_name":"stdout","time":340.588374282,"data":"2  0.352083  0.810615  0.305071  0.208769  0.643510  0.674974  0.283948   \n"}
,{"stream_name":"stdout","time":340.588377247,"data":"\n"}
,{"stream_name":"stdout","time":340.588380074,"data":"    yehcar1   yeofly1  \n"}
,{"stream_name":"stdout","time":340.588383094,"data":"0  0.324525  0.710095  \n"}
,{"stream_name":"stdout","time":340.588385977,"data":"1  0.509926  0.589911  \n"}
,{"stream_name":"stdout","time":340.588388864,"data":"2  0.486461  0.278476  \n"}
,{"stream_name":"stdout","time":340.588391846,"data":"\n"}
,{"stream_name":"stdout","time":340.588394758,"data":"[3 rows x 235 columns]\n"}
,{"stream_name":"stderr","time":345.56682451,"data":"/usr/local/lib/python3.12/dist-packages/mistune.py:435: SyntaxWarning: invalid escape sequence '\\|'\n"}
,{"stream_name":"stderr","time":345.566863815,"data":"  cells[i][c] = re.sub('\\\\\\\\\\|', '|', cell)\n"}
,{"stream_name":"stderr","time":345.80231235,"data":"/usr/local/lib/python3.12/dist-packages/nbconvert/filters/filter_links.py:36: SyntaxWarning: invalid escape sequence '\\_'\n"}
,{"stream_name":"stderr","time":345.802348729,"data":"  text = re.sub(r'_', '\\_', text) # Escape underscores in display text\n"}
,{"stream_name":"stderr","time":346.719266747,"data":"[NbConvertApp] Converting notebook __notebook__.ipynb to notebook\n"}
,{"stream_name":"stderr","time":347.169152323,"data":"[NbConvertApp] Writing 121804 bytes to __notebook__.ipynb\n"}
,{"stream_name":"stderr","time":350.547830388,"data":"[NbConvertApp] Converting notebook __notebook__.ipynb to html\n"}
,{"stream_name":"stderr","time":352.014938157,"data":"[NbConvertApp] Writing 598639 bytes to __results__.html\n"}
]